Archive member included because of file (symbol)

/opt/microchip/xc32/v1.30/bin/../lib/gcc/pic32mx/4.5.2/../../../../pic32mx/lib/libmchp_peripheral_32MX795F512H.a(uart_lib.o)
                              build/default/production/_ext/1922645879/serial.o (UARTEnable)
/opt/microchip/xc32/v1.30/bin/../lib/gcc/pic32mx/4.5.2/../../../../pic32mx/lib/libmchp_peripheral_32MX795F512H.a(idle_i2c1_lib_legacy.o)
                              build/default/production/_ext/637770267/I2Ccommon.o (IdleI2C1)
/opt/microchip/xc32/v1.30/bin/../lib/gcc/pic32mx/4.5.2/../../../../pic32mx/lib/libmchp_peripheral_32MX795F512H.a(master_read_i2c1_lib_legacy.o)
                              build/default/production/_ext/637770267/I2Ccommon.o (MasterReadI2C1)
/opt/microchip/xc32/v1.30/bin/../lib/gcc/pic32mx/4.5.2/../../../../pic32mx/lib/libmchp_peripheral_32MX795F512H.a(master_write_i2c1_lib_legacy.o)
                              build/default/production/_ext/637770267/I2Ccommon.o (MasterWriteI2C1)
/opt/microchip/xc32/v1.30/bin/../lib/gcc/pic32mx/4.5.2/../../../../pic32mx/lib/libpic32.a(default-bootstrap-exception-handler.o)
                              /opt/microchip/xc32/v1.30/bin/../lib/gcc/pic32mx/4.5.2/../../../../pic32mx/lib/./proc/32MX795F512H/crt0_mips32r2.o (_bootstrap_exception_handler)
/opt/microchip/xc32/v1.30/bin/../lib/gcc/pic32mx/4.5.2/../../../../pic32mx/lib/libpic32.a(default-on-reset.o)
                              /opt/microchip/xc32/v1.30/bin/../lib/gcc/pic32mx/4.5.2/../../../../pic32mx/lib/./proc/32MX795F512H/crt0_mips32r2.o (_on_reset)
/opt/microchip/xc32/v1.30/bin/../lib/gcc/pic32mx/4.5.2/../../../../pic32mx/lib/libpic32.a(default-on-bootstrap.o)
                              /opt/microchip/xc32/v1.30/bin/../lib/gcc/pic32mx/4.5.2/../../../../pic32mx/lib/./proc/32MX795F512H/crt0_mips32r2.o (_on_bootstrap)
/opt/microchip/xc32/v1.30/bin/../lib/gcc/pic32mx/4.5.2/../../../../pic32mx/lib/libpic32.a(default-nmi-handler.o)
                              /opt/microchip/xc32/v1.30/bin/../lib/gcc/pic32mx/4.5.2/../../../../pic32mx/lib/./proc/32MX795F512H/crt0_mips32r2.o (_nmi_handler)
/opt/microchip/xc32/v1.30/bin/../lib/gcc/pic32mx/4.5.2/../../../../pic32mx/lib/libpic32.a(pic32_software_reset.o)
                              /opt/microchip/xc32/v1.30/bin/../lib/gcc/pic32mx/4.5.2/../../../../pic32mx/lib/libpic32.a(default-bootstrap-exception-handler.o) (__pic32_software_reset)
/opt/microchip/xc32/v1.30/bin/../lib/gcc/pic32mx/4.5.2/../../../../pic32mx/lib/libpic32.a(general-exception.o)
                              /opt/microchip/xc32/v1.30/bin/../lib/gcc/pic32mx/4.5.2/../../../../pic32mx/lib/./proc/32MX795F512H/crt0_mips32r2.o (_general_exception_context)
/opt/microchip/xc32/v1.30/bin/../lib/gcc/pic32mx/4.5.2/../../../../pic32mx/lib/libpic32.a(vector0.o)
                              /opt/microchip/xc32/v1.30/bin/../lib/gcc/pic32mx/4.5.2/../../../../pic32mx/lib/./proc/32MX795F512H/default_isr_vectors.o (__vector_dispatch_0)
/opt/microchip/xc32/v1.30/bin/../lib/gcc/pic32mx/4.5.2/../../../../pic32mx/lib/libpic32.a(vector1.o)
                              /opt/microchip/xc32/v1.30/bin/../lib/gcc/pic32mx/4.5.2/../../../../pic32mx/lib/./proc/32MX795F512H/default_isr_vectors.o (__vector_dispatch_1)
/opt/microchip/xc32/v1.30/bin/../lib/gcc/pic32mx/4.5.2/../../../../pic32mx/lib/libpic32.a(vector2.o)
                              /opt/microchip/xc32/v1.30/bin/../lib/gcc/pic32mx/4.5.2/../../../../pic32mx/lib/./proc/32MX795F512H/default_isr_vectors.o (__vector_dispatch_2)
/opt/microchip/xc32/v1.30/bin/../lib/gcc/pic32mx/4.5.2/../../../../pic32mx/lib/libpic32.a(vector3.o)
                              /opt/microchip/xc32/v1.30/bin/../lib/gcc/pic32mx/4.5.2/../../../../pic32mx/lib/./proc/32MX795F512H/default_isr_vectors.o (__vector_dispatch_3)
/opt/microchip/xc32/v1.30/bin/../lib/gcc/pic32mx/4.5.2/../../../../pic32mx/lib/libpic32.a(vector4.o)
                              /opt/microchip/xc32/v1.30/bin/../lib/gcc/pic32mx/4.5.2/../../../../pic32mx/lib/./proc/32MX795F512H/default_isr_vectors.o (__vector_dispatch_4)
/opt/microchip/xc32/v1.30/bin/../lib/gcc/pic32mx/4.5.2/../../../../pic32mx/lib/libpic32.a(vector5.o)
                              /opt/microchip/xc32/v1.30/bin/../lib/gcc/pic32mx/4.5.2/../../../../pic32mx/lib/./proc/32MX795F512H/default_isr_vectors.o (__vector_dispatch_5)
/opt/microchip/xc32/v1.30/bin/../lib/gcc/pic32mx/4.5.2/../../../../pic32mx/lib/libpic32.a(vector6.o)
                              /opt/microchip/xc32/v1.30/bin/../lib/gcc/pic32mx/4.5.2/../../../../pic32mx/lib/./proc/32MX795F512H/default_isr_vectors.o (__vector_dispatch_6)
/opt/microchip/xc32/v1.30/bin/../lib/gcc/pic32mx/4.5.2/../../../../pic32mx/lib/libpic32.a(vector7.o)
                              /opt/microchip/xc32/v1.30/bin/../lib/gcc/pic32mx/4.5.2/../../../../pic32mx/lib/./proc/32MX795F512H/default_isr_vectors.o (__vector_dispatch_7)
/opt/microchip/xc32/v1.30/bin/../lib/gcc/pic32mx/4.5.2/../../../../pic32mx/lib/libpic32.a(vector8.o)
[...]
Memory Configuration

Name             Origin             Length             Attributes
kseg0_program_mem 0x9d000000         0x00080000         xr
kseg0_boot_mem   0x9fc00490         0x00000970
exception_mem    0x9fc01000         0x00001000
kseg1_boot_mem   0xbfc00000         0x00000490
debug_exec_mem   0xbfc02000         0x00000ff0
config3          0xbfc02ff0         0x00000004
config2          0xbfc02ff4         0x00000004
config1          0xbfc02ff8         0x00000004
config0          0xbfc02ffc         0x00000004
kseg1_data_mem   0xa0000000         0x00020000         w !x
sfrs             0xbf800000         0x00100000
configsfrs       0xbfc02ff0         0x00000010
*default*        0x00000000         0xffffffff

Linker script and memory map

LOAD /opt/microchip/xc32/v1.30/bin/../lib/gcc/pic32mx/4.5.2/../../../../pic32mx/lib/./proc/32MX795F512H/crt0_mips32r2.o
LOAD build/default/production/_ext/1309593678/delay.o
LOAD build/default/production/_ext/637770267/I2Ccommon.o
LOAD build/default/production/_ext/1544592837/printWriter.o
LOAD build/default/production/_ext/1544592837/outputStream.o
LOAD build/default/production/_ext/637730607/pwmPic32.o
LOAD build/default/production/_ext/637730607/motorPwm.o
LOAD build/default/production/_ext/1922645879/serial.o
LOAD build/default/production/_ext/1922645879/serialOutputStream.o
LOAD build/default/production/_ext/1041058175/led.o
LOAD build/default/production/_ext/1225983975/MCP9804.o
LOAD build/default/production/_ext/1225983975/PCF8573.o
LOAD build/default/production/_ext/1225983975/time.o
LOAD build/default/production/_ext/1225983975/HCTL2032.o
LOAD build/default/production/_ext/649236794/lcd24064.o
LOAD build/default/production/_ext/649236794/lcdOutputStream.o
LOAD build/default/production/_ext/649236794/lcdProvider_24064.o
LOAD build/default/production/_ext/849511804/MainCEN.o
LOAD build/default/production/_ext/760809394/menu.o
                0x00000001                __MPLAB_BUILD = 0x1
LOAD /opt/microchip/xc32/v1.30/bin/../lib/gcc/pic32mx/4.5.2/../../../../pic32mx/lib/./proc/32MX795F512H/default_isr_vectors.o
                0x00000400                PROVIDE (_min_stack_size, 0x400)
LOAD /opt/microchip/xc32/v1.30/bin/../lib/gcc/pic32mx/4.5.2/../../../../pic32mx/lib/./proc/32MX795F512H/processor.o
START GROUP
LOAD /opt/microchip/xc32/v1.30/bin/../lib/gcc/pic32mx/4.5.2/../../../../pic32mx/lib/libmchp_peripheral.a
END GROUP
START GROUP
LOAD /opt/microchip/xc32/v1.30/bin/../lib/gcc/pic32mx/4.5.2/../../../../pic32mx/lib/libmchp_peripheral_32MX795F512H.a
END GROUP
                0x00000001                PROVIDE (_vector_spacing, 0x1)
                0x9fc01000                _ebase_address = 0x9fc01000
                0xbfc00000                _RESET_ADDR = 0xbfc00000
                0xbfc00380                _BEV_EXCPT_ADDR = 0xbfc00380
                0xbfc00480                _DBG_EXCPT_ADDR = 0xbfc00480
                0xbfc02000                _DBG_CODE_ADDR = 0xbfc02000
                0x00000ff0                _DBG_CODE_SIZE = 0xff0
                0x9fc01180                _GEN_EXCPT_ADDR = (_ebase_address + 0x180)

.config_BFC02FF0
 *(.config_BFC02FF0)

.config_BFC02FF4
                0xbfc02ff4        0x4
 *(.config_BFC02FF4)
 .config_BFC02FF4
                0xbfc02ff4        0x4 build/default/production/_ext/849511804/MainCEN.o

.config_BFC02FF8
                0xbfc02ff8        0x4
 *(.config_BFC02FF8)
 .config_BFC02FF8
                0xbfc02ff8        0x4 build/default/production/_ext/849511804/MainCEN.o

.config_BFC02FFC
                0xbfc02ffc        0x4
 *(.config_BFC02FFC)
 .config_BFC02FFC
                0xbfc02ffc        0x4 build/default/production/_ext/849511804/MainCEN.o
                0xbfc02000                PROVIDE (_DBG_CODE_ADDR, 0xbfc02000)
                0x00000ff0                PROVIDE (_DBG_CODE_SIZE, 0xff0)

.reset          0xbfc00000      0x1e0
 *(.reset)
 .reset         0xbfc00000      0x1e0 /opt/microchip/xc32/v1.30/bin/../lib/gcc/pic32mx/4.5.2/../../../../pic32mx/lib/./proc/32MX795F512H/crt0_mips32r2.o
                0xbfc00000                _reset
 *(.reset.startup)

.bev_excpt      0xbfc00380       0x10
 *(.bev_handler)
 .bev_handler   0xbfc00380       0x10 /opt/microchip/xc32/v1.30/bin/../lib/gcc/pic32mx/4.5.2/../../../../pic32mx/lib/./proc/32MX795F512H/crt0_mips32r2.o

.dbg_excpt      0xbfc00480        0x0
                0xbfc00480                . = (. + DEFINED (_DEBUGGER)?0x8:0x0)

.dbg_code       0xbfc02000        0x0
                0xbfc02000                . = (. + DEFINED (_DEBUGGER)?_DBG_CODE_SIZE:0x0)

.app_excpt      0x9fc01180       0x10
 *(.gen_handler)
 .gen_handler   0x9fc01180       0x10 /opt/microchip/xc32/v1.30/bin/../lib/gcc/pic32mx/4.5.2/../../../../pic32mx/lib/./proc/32MX795F512H/crt0_mips32r2.o

.vector_0       0x9fc01200        0x8
 *(.vector_0)
 .vector_0      0x9fc01200        0x8 /opt/microchip/xc32/v1.30/bin/../lib/gcc/pic32mx/4.5.2/../../../../pic32mx/lib/libpic32.a(vector0.o)
                0x9fc01200                __vector_dispatch_0
                0x00000001                ASSERT (((_vector_spacing == 0x0) || (SIZEOF (.vector_0) <= (_vector_spacing << 0x5))), function at exception vector 0 too large)

.vector_1       0x9fc01220        0x8
 *(.vector_1)
 .vector_1      0x9fc01220        0x8 /opt/microchip/xc32/v1.30/bin/../lib/gcc/pic32mx/4.5.2/../../../../pic32mx/lib/libpic32.a(vector1.o)
                0x9fc01220                __vector_dispatch_1
                0x00000001                ASSERT (((_vector_spacing == 0x0) || (SIZEOF (.vector_1) <= (_vector_spacing << 0x5))), function at exception vector 1 too large)

.vector_2       0x9fc01240        0x8
 *(.vector_2)
 .vector_2      0x9fc01240        0x8 /opt/microchip/xc32/v1.30/bin/../lib/gcc/pic32mx/4.5.2/../../../../pic32mx/lib/libpic32.a(vector2.o)
                0x9fc01240                __vector_dispatch_2
                0x00000001                ASSERT (((_vector_spacing == 0x0) || (SIZEOF (.vector_2) <= (_vector_spacing << 0x5))), function at exception vector 2 too large)

.vector_3       0x9fc01260        0x8
 *(.vector_3)
 .vector_3      0x9fc01260        0x8 /opt/microchip/xc32/v1.30/bin/../lib/gcc/pic32mx/4.5.2/../../../../pic32mx/lib/libpic32.a(vector3.o)
                0x9fc01260                __vector_dispatch_3
                0x00000001                ASSERT (((_vector_spacing == 0x0) || (SIZEOF (.vector_3) <= (_vector_spacing << 0x5))), function at exception vector 3 too large)

.vector_4       0x9fc01280        0x8
 *(.vector_4)
 .vector_4      0x9fc01280        0x8 /opt/microchip/xc32/v1.30/bin/../lib/gcc/pic32mx/4.5.2/../../../../pic32mx/lib/libpic32.a(vector4.o)
                0x9fc01280                __vector_dispatch_4
                0x00000001                ASSERT (((_vector_spacing == 0x0) || (SIZEOF (.vector_4) <= (_vector_spacing << 0x5))), function at exception vector 4 too large)

.vector_5       0x9fc012a0        0x8
 *(.vector_5)
 .vector_5      0x9fc012a0        0x8 /opt/microchip/xc32/v1.30/bin/../lib/gcc/pic32mx/4.5.2/../../../../pic32mx/lib/libpic32.a(vector5.o)
                0x9fc012a0                __vector_dispatch_5
                0x00000001                ASSERT (((_vector_spacing == 0x0) || (SIZEOF (.vector_5) <= (_vector_spacing << 0x5))), function at exception vector 5 too large)

.vector_6       0x9fc012c0        0x8
 *(.vector_6)
 .vector_6      0x9fc012c0        0x8 /opt/microchip/xc32/v1.30/bin/../lib/gcc/pic32mx/4.5.2/../../../../pic32mx/lib/libpic32.a(vector6.o)
                0x9fc012c0                __vector_dispatch_6
                0x00000001                ASSERT (((_vector_spacing == 0x0) || (SIZEOF (.vector_6) <= (_vector_spacing << 0x5))), function at exception vector 6 too large)

.vector_7       0x9fc012e0        0x8
 *(.vector_7)
 .vector_7      0x9fc012e0        0x8 /opt/microchip/xc32/v1.30/bin/../lib/gcc/pic32mx/4.5.2/../../../../pic32mx/lib/libpic32.a(vector7.o)
                0x9fc012e0                __vector_dispatch_7
                0x00000001                ASSERT (((_vector_spacing == 0x0) || (SIZEOF (.vector_7) <= (_vector_spacing << 0x5))), function at exception vector 7 too large)

.vector_8       0x9fc01300        0x8
 *(.vector_8)
 .vector_8      0x9fc01300        0x8 /opt/microchip/xc32/v1.30/bin/../lib/gcc/pic32mx/4.5.2/../../../../pic32mx/lib/libpic32.a(vector8.o)
                0x9fc01300                __vector_dispatch_8
                0x00000001                ASSERT (((_vector_spacing == 0x0) || (SIZEOF (.vector_8) <= (_vector_spacing << 0x5))), function at exception vector 8 too large)

.vector_9       0x9fc01320        0x8
 *(.vector_9)
 .vector_9      0x9fc01320        0x8 /opt/microchip/xc32/v1.30/bin/../lib/gcc/pic32mx/4.5.2/../../../../pic32mx/lib/libpic32.a(vector9.o)
                0x9fc01320                __vector_dispatch_9
                0x00000001                ASSERT (((_vector_spacing == 0x0) || (SIZEOF (.vector_9) <= (_vector_spacing << 0x5))), function at exception vector 9 too large)

.vector_10      0x9fc01340        0x8
 *(.vector_10)
 .vector_10     0x9fc01340        0x8 /opt/microchip/xc32/v1.30/bin/../lib/gcc/pic32mx/4.5.2/../../../../pic32mx/lib/libpic32.a(vector10.o)
                0x9fc01340                __vector_dispatch_10
                0x00000001                ASSERT (((_vector_spacing == 0x0) || (SIZEOF (.vector_10) <= (_vector_spacing << 0x5))), function at exception vector 10 too large)

.vector_11      0x9fc01360        0x8
 *(.vector_11)
 .vector_11     0x9fc01360        0x8 /opt/microchip/xc32/v1.30/bin/../lib/gcc/pic32mx/4.5.2/../../../../pic32mx/lib/libpic32.a(vector11.o)
                0x9fc01360                __vector_dispatch_11
                0x00000001                ASSERT (((_vector_spacing == 0x0) || (SIZEOF (.vector_11) <= (_vector_spacing << 0x5))), function at exception vector 11 too large)

.vector_12      0x9fc01380        0x8
 *(.vector_12)
 .vector_12     0x9fc01380        0x8 /opt/microchip/xc32/v1.30/bin/../lib/gcc/pic32mx/4.5.2/../../../../pic32mx/lib/libpic32.a(vector12.o)
                0x9fc01380                __vector_dispatch_12
                0x00000001                ASSERT (((_vector_spacing == 0x0) || (SIZEOF (.vector_12) <= (_vector_spacing << 0x5))), function at exception vector 12 too large)

.vector_13      0x9fc013a0        0x8
 *(.vector_13)
 .vector_13     0x9fc013a0        0x8 /opt/microchip/xc32/v1.30/bin/../lib/gcc/pic32mx/4.5.2/../../../../pic32mx/lib/libpic32.a(vector13.o)
                0x9fc013a0                __vector_dispatch_13
                0x00000001                ASSERT (((_vector_spacing == 0x0) || (SIZEOF (.vector_13) <= (_vector_spacing << 0x5))), function at exception vector 13 too large)

.vector_14      0x9fc013c0        0x8
 *(.vector_14)
 .vector_14     0x9fc013c0        0x8 /opt/microchip/xc32/v1.30/bin/../lib/gcc/pic32mx/4.5.2/../../../../pic32mx/lib/libpic32.a(vector14.o)
                0x9fc013c0                __vector_dispatch_14
                0x00000001                ASSERT (((_vector_spacing == 0x0) || (SIZEOF (.vector_14) <= (_vector_spacing << 0x5))), function at exception vector 14 too large)

.vector_15      0x9fc013e0        0x8
 *(.vector_15)
 .vector_15     0x9fc013e0        0x8 /opt/microchip/xc32/v1.30/bin/../lib/gcc/pic32mx/4.5.2/../../../../pic32mx/lib/libpic32.a(vector15.o)
                0x9fc013e0                __vector_dispatch_15
                0x00000001                ASSERT (((_vector_spacing == 0x0) || (SIZEOF (.vector_15) <= (_vector_spacing << 0x5))), function at exception vector 15 too large)

.vector_16      0x9fc01400        0x8
 *(.vector_16)
 .vector_16     0x9fc01400        0x8 /opt/microchip/xc32/v1.30/bin/../lib/gcc/pic32mx/4.5.2/../../../../pic32mx/lib/libpic32.a(vector16.o)
                0x9fc01400                __vector_dispatch_16
                0x00000001                ASSERT (((_vector_spacing == 0x0) || (SIZEOF (.vector_16) <= (_vector_spacing << 0x5))), function at exception vector 16 too large)

.vector_17      0x9fc01420        0x8
 *(.vector_17)
 .vector_17     0x9fc01420        0x8 /opt/microchip/xc32/v1.30/bin/../lib/gcc/pic32mx/4.5.2/../../../../pic32mx/lib/libpic32.a(vector17.o)
                0x9fc01420                __vector_dispatch_17
                0x00000001                ASSERT (((_vector_spacing == 0x0) || (SIZEOF (.vector_17) <= (_vector_spacing << 0x5))), function at exception vector 17 too large)

.vector_18      0x9fc01440        0x8
 *(.vector_18)
 .vector_18     0x9fc01440        0x8 /opt/microchip/xc32/v1.30/bin/../lib/gcc/pic32mx/4.5.2/../../../../pic32mx/lib/libpic32.a(vector18.o)
                0x9fc01440                __vector_dispatch_18
                0x00000001                ASSERT (((_vector_spacing == 0x0) || (SIZEOF (.vector_18) <= (_vector_spacing << 0x5))), function at exception vector 18 too large)

.vector_19      0x9fc01460        0x8
 *(.vector_19)
 .vector_19     0x9fc01460        0x8 /opt/microchip/xc32/v1.30/bin/../lib/gcc/pic32mx/4.5.2/../../../../pic32mx/lib/libpic32.a(vector19.o)
                0x9fc01460                __vector_dispatch_19
                0x00000001                ASSERT (((_vector_spacing == 0x0) || (SIZEOF (.vector_19) <= (_vector_spacing << 0x5))), function at exception vector 19 too large)

.vector_20      0x9fc01480        0x8
 *(.vector_20)
 .vector_20     0x9fc01480        0x8 /opt/microchip/xc32/v1.30/bin/../lib/gcc/pic32mx/4.5.2/../../../../pic32mx/lib/libpic32.a(vector20.o)
                0x9fc01480                __vector_dispatch_20
                0x00000001                ASSERT (((_vector_spacing == 0x0) || (SIZEOF (.vector_20) <= (_vector_spacing << 0x5))), function at exception vector 20 too large)

.vector_21      0x9fc014a0        0x8
 *(.vector_21)
 .vector_21     0x9fc014a0        0x8 /opt/microchip/xc32/v1.30/bin/../lib/gcc/pic32mx/4.5.2/../../../../pic32mx/lib/libpic32.a(vector21.o)
                0x9fc014a0                __vector_dispatch_21
                0x00000001                ASSERT (((_vector_spacing == 0x0) || (SIZEOF (.vector_21) <= (_vector_spacing << 0x5))), function at exception vector 21 too large)

.vector_22      0x9fc014c0        0x8
 *(.vector_22)
 .vector_22     0x9fc014c0        0x8 /opt/microchip/xc32/v1.30/bin/../lib/gcc/pic32mx/4.5.2/../../../../pic32mx/lib/libpic32.a(vector22.o)
                0x9fc014c0                __vector_dispatch_22
                0x00000001                ASSERT (((_vector_spacing == 0x0) || (SIZEOF (.vector_22) <= (_vector_spacing << 0x5))), function at exception vector 22 too large)

.vector_23      0x9fc014e0        0x8
 *(.vector_23)
 .vector_23     0x9fc014e0        0x8 /opt/microchip/xc32/v1.30/bin/../lib/gcc/pic32mx/4.5.2/../../../../pic32mx/lib/libpic32.a(vector23.o)
                0x9fc014e0                __vector_dispatch_23
                0x00000001                ASSERT (((_vector_spacing == 0x0) || (SIZEOF (.vector_23) <= (_vector_spacing << 0x5))), function at exception vector 23 too large)

.vector_24      0x9fc01500        0x8
 *(.vector_24)
 .vector_24     0x9fc01500        0x8 /opt/microchip/xc32/v1.30/bin/../lib/gcc/pic32mx/4.5.2/../../../../pic32mx/lib/libpic32.a(vector24.o)
                0x9fc01500                __vector_dispatch_24
                0x00000001                ASSERT (((_vector_spacing == 0x0) || (SIZEOF (.vector_24) <= (_vector_spacing << 0x5))), function at exception vector 24 too large)

.vector_25      0x9fc01520        0x8
 *(.vector_25)
 .vector_25     0x9fc01520        0x8 /opt/microchip/xc32/v1.30/bin/../lib/gcc/pic32mx/4.5.2/../../../../pic32mx/lib/libpic32.a(vector25.o)
                0x9fc01520                __vector_dispatch_25
                0x00000001                ASSERT (((_vector_spacing == 0x0) || (SIZEOF (.vector_25) <= (_vector_spacing << 0x5))), function at exception vector 25 too large)

.vector_26      0x9fc01540        0x8
 *(.vector_26)
 .vector_26     0x9fc01540        0x8 /opt/microchip/xc32/v1.30/bin/../lib/gcc/pic32mx/4.5.2/../../../../pic32mx/lib/libpic32.a(vector26.o)
                0x9fc01540                __vector_dispatch_26
                0x00000001                ASSERT (((_vector_spacing == 0x0) || (SIZEOF (.vector_26) <= (_vector_spacing << 0x5))), function at exception vector 26 too large)

.vector_27      0x9fc01560        0x8
 *(.vector_27)
 .vector_27     0x9fc01560        0x8 /opt/microchip/xc32/v1.30/bin/../lib/gcc/pic32mx/4.5.2/../../../../pic32mx/lib/libpic32.a(vector27.o)
                0x9fc01560                __vector_dispatch_27
                0x00000001                ASSERT (((_vector_spacing == 0x0) || (SIZEOF (.vector_27) <= (_vector_spacing << 0x5))), function at exception vector 27 too large)

.vector_28      0x9fc01580        0x8
 *(.vector_28)
 .vector_28     0x9fc01580        0x8 /opt/microchip/xc32/v1.30/bin/../lib/gcc/pic32mx/4.5.2/../../../../pic32mx/lib/libpic32.a(vector28.o)
                0x9fc01580                __vector_dispatch_28
                0x00000001                ASSERT (((_vector_spacing == 0x0) || (SIZEOF (.vector_28) <= (_vector_spacing << 0x5))), function at exception vector 28 too large)

.vector_29      0x9fc015a0        0x8
 *(.vector_29)
 .vector_29     0x9fc015a0        0x8 /opt/microchip/xc32/v1.30/bin/../lib/gcc/pic32mx/4.5.2/../../../../pic32mx/lib/libpic32.a(vector29.o)
                0x9fc015a0                __vector_dispatch_29
                0x00000001                ASSERT (((_vector_spacing == 0x0) || (SIZEOF (.vector_29) <= (_vector_spacing << 0x5))), function at exception vector 29 too large)

.vector_30      0x9fc015c0        0x8
 *(.vector_30)
 .vector_30     0x9fc015c0        0x8 /opt/microchip/xc32/v1.30/bin/../lib/gcc/pic32mx/4.5.2/../../../../pic32mx/lib/libpic32.a(vector30.o)
                0x9fc015c0                __vector_dispatch_30
                0x00000001                ASSERT (((_vector_spacing == 0x0) || (SIZEOF (.vector_30) <= (_vector_spacing << 0x5))), function at exception vector 30 too large)

.vector_31      0x9fc015e0        0x8
 *(.vector_31)
 .vector_31     0x9fc015e0        0x8 /opt/microchip/xc32/v1.30/bin/../lib/gcc/pic32mx/4.5.2/../../../../pic32mx/lib/libpic32.a(vector31.o)
                0x9fc015e0                __vector_dispatch_31
                0x00000001                ASSERT (((_vector_spacing == 0x0) || (SIZEOF (.vector_31) <= (_vector_spacing << 0x5))), function at exception vector 31 too large)

.vector_32      0x9fc01600        0x8
 *(.vector_32)
 .vector_32     0x9fc01600        0x8 /opt/microchip/xc32/v1.30/bin/../lib/gcc/pic32mx/4.5.2/../../../../pic32mx/lib/libpic32.a(vector32.o)
                0x9fc01600                __vector_dispatch_32
                0x00000001                ASSERT (((_vector_spacing == 0x0) || (SIZEOF (.vector_32) <= (_vector_spacing << 0x5))), function at exception vector 32 too large)

.vector_33      0x9fc01620        0x8
 *(.vector_33)
 .vector_33     0x9fc01620        0x8 /opt/microchip/xc32/v1.30/bin/../lib/gcc/pic32mx/4.5.2/../../../../pic32mx/lib/libpic32.a(vector33.o)
                0x9fc01620                __vector_dispatch_33
                0x00000001                ASSERT (((_vector_spacing == 0x0) || (SIZEOF (.vector_33) <= (_vector_spacing << 0x5))), function at exception vector 33 too large)

.vector_34      0x9fc01640        0x8
 *(.vector_34)
 .vector_34     0x9fc01640        0x8 /opt/microchip/xc32/v1.30/bin/../lib/gcc/pic32mx/4.5.2/../../../../pic32mx/lib/libpic32.a(vector34.o)
                0x9fc01640                __vector_dispatch_34
                0x00000001                ASSERT (((_vector_spacing == 0x0) || (SIZEOF (.vector_34) <= (_vector_spacing << 0x5))), function at exception vector 34 too large)

.vector_35      0x9fc01660        0x8
 *(.vector_35)
 .vector_35     0x9fc01660        0x8 /opt/microchip/xc32/v1.30/bin/../lib/gcc/pic32mx/4.5.2/../../../../pic32mx/lib/libpic32.a(vector35.o)
                0x9fc01660                __vector_dispatch_35
                0x00000001                ASSERT (((_vector_spacing == 0x0) || (SIZEOF (.vector_35) <= (_vector_spacing << 0x5))), function at exception vector 35 too large)

.vector_36      0x9fc01680        0x8
 *(.vector_36)
 .vector_36     0x9fc01680        0x8 /opt/microchip/xc32/v1.30/bin/../lib/gcc/pic32mx/4.5.2/../../../../pic32mx/lib/libpic32.a(vector36.o)
                0x9fc01680                __vector_dispatch_36
                0x00000001                ASSERT (((_vector_spacing == 0x0) || (SIZEOF (.vector_36) <= (_vector_spacing << 0x5))), function at exception vector 36 too large)

.vector_37      0x9fc016a0        0x8
 *(.vector_37)
 .vector_37     0x9fc016a0        0x8 /opt/microchip/xc32/v1.30/bin/../lib/gcc/pic32mx/4.5.2/../../../../pic32mx/lib/libpic32.a(vector37.o)
                0x9fc016a0                __vector_dispatch_37
                0x00000001                ASSERT (((_vector_spacing == 0x0) || (SIZEOF (.vector_37) <= (_vector_spacing << 0x5))), function at exception vector 37 too large)

.vector_38      0x9fc016c0        0x8
 *(.vector_38)
 .vector_38     0x9fc016c0        0x8 /opt/microchip/xc32/v1.30/bin/../lib/gcc/pic32mx/4.5.2/../../../../pic32mx/lib/libpic32.a(vector38.o)
                0x9fc016c0                __vector_dispatch_38
                0x00000001                ASSERT (((_vector_spacing == 0x0) || (SIZEOF (.vector_38) <= (_vector_spacing << 0x5))), function at exception vector 38 too large)

.vector_39      0x9fc016e0        0x8
 *(.vector_39)
 .vector_39     0x9fc016e0        0x8 /opt/microchip/xc32/v1.30/bin/../lib/gcc/pic32mx/4.5.2/../../../../pic32mx/lib/libpic32.a(vector39.o)
                0x9fc016e0                __vector_dispatch_39
                0x00000001                ASSERT (((_vector_spacing == 0x0) || (SIZEOF (.vector_39) <= (_vector_spacing << 0x5))), function at exception vector 39 too large)

.vector_40      0x9fc01700        0x8
 *(.vector_40)
 .vector_40     0x9fc01700        0x8 /opt/microchip/xc32/v1.30/bin/../lib/gcc/pic32mx/4.5.2/../../../../pic32mx/lib/libpic32.a(vector40.o)
                0x9fc01700                __vector_dispatch_40
                0x00000001                ASSERT (((_vector_spacing == 0x0) || (SIZEOF (.vector_40) <= (_vector_spacing << 0x5))), function at exception vector 40 too large)

.vector_41      0x9fc01720        0x8
 *(.vector_41)
 .vector_41     0x9fc01720        0x8 /opt/microchip/xc32/v1.30/bin/../lib/gcc/pic32mx/4.5.2/../../../../pic32mx/lib/libpic32.a(vector41.o)
                0x9fc01720                __vector_dispatch_41
                0x00000001                ASSERT (((_vector_spacing == 0x0) || (SIZEOF (.vector_41) <= (_vector_spacing << 0x5))), function at exception vector 41 too large)

.vector_42      0x9fc01740        0x8
 *(.vector_42)
 .vector_42     0x9fc01740        0x8 /opt/microchip/xc32/v1.30/bin/../lib/gcc/pic32mx/4.5.2/../../../../pic32mx/lib/libpic32.a(vector42.o)
                0x9fc01740                __vector_dispatch_42
                0x00000001                ASSERT (((_vector_spacing == 0x0) || (SIZEOF (.vector_42) <= (_vector_spacing << 0x5))), function at exception vector 42 too large)

.vector_43      0x9fc01760        0x8
 *(.vector_43)
 .vector_43     0x9fc01760        0x8 /opt/microchip/xc32/v1.30/bin/../lib/gcc/pic32mx/4.5.2/../../../../pic32mx/lib/libpic32.a(vector43.o)
                0x9fc01760                __vector_dispatch_43
                0x00000001                ASSERT (((_vector_spacing == 0x0) || (SIZEOF (.vector_43) <= (_vector_spacing << 0x5))), function at exception vector 43 too large)

.vector_44      0x9fc01780        0x8
 *(.vector_44)
 .vector_44     0x9fc01780        0x8 /opt/microchip/xc32/v1.30/bin/../lib/gcc/pic32mx/4.5.2/../../../../pic32mx/lib/libpic32.a(vector44.o)
                0x9fc01780                __vector_dispatch_44
                0x00000001                ASSERT (((_vector_spacing == 0x0) || (SIZEOF (.vector_44) <= (_vector_spacing << 0x5))), function at exception vector 44 too large)

.vector_45      0x9fc017a0        0x8
 *(.vector_45)
 .vector_45     0x9fc017a0        0x8 /opt/microchip/xc32/v1.30/bin/../lib/gcc/pic32mx/4.5.2/../../../../pic32mx/lib/libpic32.a(vector45.o)
                0x9fc017a0                __vector_dispatch_45
                0x00000001                ASSERT (((_vector_spacing == 0x0) || (SIZEOF (.vector_45) <= (_vector_spacing << 0x5))), function at exception vector 45 too large)

.vector_46      0x9fc017c0        0x8
 *(.vector_46)
 .vector_46     0x9fc017c0        0x8 /opt/microchip/xc32/v1.30/bin/../lib/gcc/pic32mx/4.5.2/../../../../pic32mx/lib/libpic32.a(vector46.o)
                0x9fc017c0                __vector_dispatch_46
                0x00000001                ASSERT (((_vector_spacing == 0x0) || (SIZEOF (.vector_46) <= (_vector_spacing << 0x5))), function at exception vector 46 too large)

.vector_47      0x9fc017e0        0x8
 *(.vector_47)
 .vector_47     0x9fc017e0        0x8 /opt/microchip/xc32/v1.30/bin/../lib/gcc/pic32mx/4.5.2/../../../../pic32mx/lib/libpic32.a(vector47.o)
                0x9fc017e0                __vector_dispatch_47
                0x00000001                ASSERT (((_vector_spacing == 0x0) || (SIZEOF (.vector_47) <= (_vector_spacing << 0x5))), function at exception vector 47 too large)

.vector_48      0x9fc01800        0x8
 *(.vector_48)
 .vector_48     0x9fc01800        0x8 /opt/microchip/xc32/v1.30/bin/../lib/gcc/pic32mx/4.5.2/../../../../pic32mx/lib/libpic32.a(vector48.o)
                0x9fc01800                __vector_dispatch_48
                0x00000001                ASSERT (((_vector_spacing == 0x0) || (SIZEOF (.vector_48) <= (_vector_spacing << 0x5))), function at exception vector 48 too large)

.vector_49      0x9fc01820        0x8
 *(.vector_49)
 .vector_49     0x9fc01820        0x8 /opt/microchip/xc32/v1.30/bin/../lib/gcc/pic32mx/4.5.2/../../../../pic32mx/lib/libpic32.a(vector49.o)
                0x9fc01820                __vector_dispatch_49
                0x00000001                ASSERT (((_vector_spacing == 0x0) || (SIZEOF (.vector_49) <= (_vector_spacing << 0x5))), function at exception vector 49 too large)

.vector_50      0x9fc01840        0x8
 *(.vector_50)
 .vector_50     0x9fc01840        0x8 /opt/microchip/xc32/v1.30/bin/../lib/gcc/pic32mx/4.5.2/../../../../pic32mx/lib/libpic32.a(vector50.o)
                0x9fc01840                __vector_dispatch_50
                0x00000001                ASSERT (((_vector_spacing == 0x0) || (SIZEOF (.vector_50) <= (_vector_spacing << 0x5))), function at exception vector 50 too large)

.vector_51      0x9fc01860        0x8
 *(.vector_51)
 .vector_51     0x9fc01860        0x8 /opt/microchip/xc32/v1.30/bin/../lib/gcc/pic32mx/4.5.2/../../../../pic32mx/lib/libpic32.a(vector51.o)
                0x9fc01860                __vector_dispatch_51
                0x00000001                ASSERT (((_vector_spacing == 0x0) || (SIZEOF (.vector_51) <= (_vector_spacing << 0x5))), function at exception vector 51 too large)

.vector_52      0x9fc01880        0x8
 *(.vector_52)
 .vector_52     0x9fc01880        0x8 /opt/microchip/xc32/v1.30/bin/../lib/gcc/pic32mx/4.5.2/../../../../pic32mx/lib/libpic32.a(vector52.o)
                0x9fc01880                __vector_dispatch_52
                0x00000001                ASSERT (((_vector_spacing == 0x0) || (SIZEOF (.vector_52) <= (_vector_spacing << 0x5))), function at exception vector 52 too large)

.vector_53      0x9fc018a0        0x8
 *(.vector_53)
 .vector_53     0x9fc018a0        0x8 /opt/microchip/xc32/v1.30/bin/../lib/gcc/pic32mx/4.5.2/../../../../pic32mx/lib/libpic32.a(vector53.o)
                0x9fc018a0                __vector_dispatch_53
                0x00000001                ASSERT (((_vector_spacing == 0x0) || (SIZEOF (.vector_53) <= (_vector_spacing << 0x5))), function at exception vector 53 too large)

.vector_54      0x9fc018c0        0x8
 *(.vector_54)
 .vector_54     0x9fc018c0        0x8 /opt/microchip/xc32/v1.30/bin/../lib/gcc/pic32mx/4.5.2/../../../../pic32mx/lib/libpic32.a(vector54.o)
                0x9fc018c0                __vector_dispatch_54
                0x00000001                ASSERT (((_vector_spacing == 0x0) || (SIZEOF (.vector_54) <= (_vector_spacing << 0x5))), function at exception vector 54 too large)

.vector_55      0x9fc018e0        0x8
 *(.vector_55)
 .vector_55     0x9fc018e0        0x8 /opt/microchip/xc32/v1.30/bin/../lib/gcc/pic32mx/4.5.2/../../../../pic32mx/lib/libpic32.a(vector55.o)
                0x9fc018e0                __vector_dispatch_55
                0x00000001                ASSERT (((_vector_spacing == 0x0) || (SIZEOF (.vector_55) <= (_vector_spacing << 0x5))), function at exception vector 55 too large)

.vector_56      0x9fc01900        0x8
 *(.vector_56)
 .vector_56     0x9fc01900        0x8 /opt/microchip/xc32/v1.30/bin/../lib/gcc/pic32mx/4.5.2/../../../../pic32mx/lib/libpic32.a(vector56.o)
                0x9fc01900                __vector_dispatch_56
                0x00000001                ASSERT (((_vector_spacing == 0x0) || (SIZEOF (.vector_56) <= (_vector_spacing << 0x5))), function at exception vector 56 too large)

.vector_57      0x9fc01920        0x8
 *(.vector_57)
 .vector_57     0x9fc01920        0x8 /opt/microchip/xc32/v1.30/bin/../lib/gcc/pic32mx/4.5.2/../../../../pic32mx/lib/libpic32.a(vector57.o)
                0x9fc01920                __vector_dispatch_57
                0x00000001                ASSERT (((_vector_spacing == 0x0) || (SIZEOF (.vector_57) <= (_vector_spacing << 0x5))), function at exception vector 57 too large)

.vector_58      0x9fc01940        0x8
 *(.vector_58)
 .vector_58     0x9fc01940        0x8 /opt/microchip/xc32/v1.30/bin/../lib/gcc/pic32mx/4.5.2/../../../../pic32mx/lib/libpic32.a(vector58.o)
                0x9fc01940                __vector_dispatch_58
                0x00000001                ASSERT (((_vector_spacing == 0x0) || (SIZEOF (.vector_58) <= (_vector_spacing << 0x5))), function at exception vector 58 too large)

.vector_59      0x9fc01960        0x8
 *(.vector_59)
 .vector_59     0x9fc01960        0x8 /opt/microchip/xc32/v1.30/bin/../lib/gcc/pic32mx/4.5.2/../../../../pic32mx/lib/libpic32.a(vector59.o)
                0x9fc01960                __vector_dispatch_59
                0x00000001                ASSERT (((_vector_spacing == 0x0) || (SIZEOF (.vector_59) <= (_vector_spacing << 0x5))), function at exception vector 59 too large)

.vector_60      0x9fc01980        0x8
 *(.vector_60)
 .vector_60     0x9fc01980        0x8 /opt/microchip/xc32/v1.30/bin/../lib/gcc/pic32mx/4.5.2/../../../../pic32mx/lib/libpic32.a(vector60.o)
                0x9fc01980                __vector_dispatch_60
                0x00000001                ASSERT (((_vector_spacing == 0x0) || (SIZEOF (.vector_60) <= (_vector_spacing << 0x5))), function at exception vector 60 too large)

.vector_61      0x9fc019a0        0x8
 *(.vector_61)
 .vector_61     0x9fc019a0        0x8 /opt/microchip/xc32/v1.30/bin/../lib/gcc/pic32mx/4.5.2/../../../../pic32mx/lib/libpic32.a(vector61.o)
                0x9fc019a0                __vector_dispatch_61
                0x00000001                ASSERT (((_vector_spacing == 0x0) || (SIZEOF (.vector_61) <= (_vector_spacing << 0x5))), function at exception vector 61 too large)

.vector_62      0x9fc019c0        0x8
 *(.vector_62)
 .vector_62     0x9fc019c0        0x8 /opt/microchip/xc32/v1.30/bin/../lib/gcc/pic32mx/4.5.2/../../../../pic32mx/lib/libpic32.a(vector62.o)
                0x9fc019c0                __vector_dispatch_62
                0x00000001                ASSERT (((_vector_spacing == 0x0) || (SIZEOF (.vector_62) <= (_vector_spacing << 0x5))), function at exception vector 62 too large)

.vector_63      0x9fc019e0        0x8
 *(.vector_63)
 .vector_63     0x9fc019e0        0x8 /opt/microchip/xc32/v1.30/bin/../lib/gcc/pic32mx/4.5.2/../../../../pic32mx/lib/libpic32.a(vector63.o)
                0x9fc019e0                __vector_dispatch_63
                0x00000001                ASSERT (((_vector_spacing == 0x0) || (SIZEOF (.vector_63) <= (_vector_spacing << 0x5))), function at exception vector 63 too large)

.startup
 *(.startup)

.text           0x9d000000        0x0
 *(.stub .gnu.linkonce.t.*)
 *(.text.*personality*)
 *(.mips16.fn.*)
 *(.mips16.call.*)
 *(.gnu.warning)
                0x9d000000                . = ALIGN (0x4)

.init           0x9d000000        0x0
 *crti.o(.init)
 *crtbegin.o(.init)
 *(EXCLUDE_FILE(*crtn.o *crtend?.o *crtend.o) .init)
 *crtend.o(.init)
 *crtn.o(.init)
                0x9d000000                . = ALIGN (0x4)

.fini           0x9d000000        0x0
 *(.fini)
                0x9d000000                . = ALIGN (0x4)

.preinit_array  0x9d000000        0x0
                0x9d000000                PROVIDE (__preinit_array_start, .)
 *(.preinit_array)
                0x9d000000                PROVIDE (__preinit_array_end, .)
                0x9d000000                . = ALIGN (0x4)

.init_array     0x9d000000        0x0
                0x9d000000                PROVIDE (__init_array_start, .)
 *(SORT(.init_array.*))
 *(.init_array)
                0x9d000000                PROVIDE (__init_array_end, .)
                0x9d000000                . = ALIGN (0x4)

.fini_array     0x9d000000        0x0
                0x9d000000                PROVIDE (__fini_array_start, .)
 *(SORT(.fini_array.*))
 *(.fini_array)
                0x9d000000                PROVIDE (__fini_array_end, .)
                0x9d000000                . = ALIGN (0x4)

.ctors          0x9d000000        0x0
 *crtbegin.o(.ctors)
 *crtbegin?.o(.ctors)
 *(EXCLUDE_FILE(*crtend?.o *crtend.o) .ctors)
 *(SORT(.ctors.*))
 *(.ctors)
                0x9d000000                . = ALIGN (0x4)

.dtors          0x9d000000        0x0
 *crtbegin.o(.dtors)
 *crtbegin?.o(.dtors)
 *(EXCLUDE_FILE(*crtend?.o *crtend.o) .dtors)
 *(SORT(.dtors.*))
 *(.dtors)
                0x9d000000                . = ALIGN (0x4)

.rodata         0x9d000000        0x0
 *(.gnu.linkonce.r.*)
 *(.rodata1)
                0x9d000000                . = ALIGN (0x4)

.sdata2         0x9fc00490        0x0
 *(.sdata2 .sdata2.* .gnu.linkonce.s2.*)
                0x9fc00490                . = ALIGN (0x4)

.sbss2          0x9fc00490        0x0
 *(.sbss2 .sbss2.* .gnu.linkonce.sb2.*)
                0x9fc00490                . = ALIGN (0x4)

.eh_frame_hdr
 *(.eh_frame_hdr)
                0x9fc00490                . = ALIGN (0x4)

.eh_frame
 *(.eh_frame)
                0x9fc00490                . = ALIGN (0x4)

.gcc_except_table
 *(.gcc_except_table .gcc_except_table.*)
                0x9fc00490                . = ALIGN (0x4)

.dbg_data       0xa0000000        0x0
                0xa0000000                . = (. + DEFINED (_DEBUGGER)?0x200:0x0)

.jcr            0xa0000000        0x0
 *(.jcr)
                0xa0000000                . = ALIGN (0x4)

.eh_frame
 *(.eh_frame)
                0xa0000000                . = ALIGN (0x4)

.gcc_except_table
 *(.gcc_except_table .gcc_except_table.*)
                0xa0000000                . = ALIGN (0x4)

.persist        0xa0000000        0x0
                0xa0000000                _persist_begin = .
 *(.persist .persist.*)
 *(.pbss .pbss.*)
                0xa0000000                . = ALIGN (0x4)
                0xa0000000                _persist_end = .

.data           0xa0000000        0x0
 *(.gnu.linkonce.d.*)
 *(.data1)
                0xa0000000                . = ALIGN (0x4)
                0xa0000000                . = .
                0xa0007ff0                _gp = (ALIGN (0x10) + 0x7ff0)

.got            0xa0000000        0x0
 *(.got.plt)
 *(.got)
                0xa0000000                . = ALIGN (0x4)

.sdata          0xa0000000        0x4
                0xa0000000                _sdata_begin = .
 *(.sdata .sdata.* .gnu.linkonce.s.*)
 .sdata         0xa0000000        0x2 build/default/production/_ext/649236794/lcd24064.o
                0xa0000004                . = ALIGN (0x4)
 *fill*         0xa0000002        0x2 
                0xa0000004                _sdata_end = .

.lit8
 *(.lit8)

.lit4
 *(.lit4)
                0xa0000004                . = ALIGN (0x4)
                0xa0000004                _data_end = .
                0xa0000004                _bss_begin = .

.sbss           0xa0000004       0x20
                0xa0000004                _sbss_begin = .
 *(.dynsbss)
 *(.sbss .sbss.* .gnu.linkonce.sb.*)
 .sbss          0xa0000004        0x2 build/default/production/_ext/649236794/lcd24064.o
 *(.scommon)
 .scommon       0xa0000006        0x1 build/default/production/_ext/1041058175/led.o
                0xa0000006                led07
 *fill*         0xa0000007        0x1 
 .scommon       0xa0000008        0xc build/default/production/_ext/1225983975/MCP9804.o
                0xa0000008                BCD10
                0xa000000c                Temperature
                0xa0000010                BCD1
 .scommon       0xa0000014       0x10 build/default/production/_ext/849511804/MainCEN.o
                0xa0000014                outputStream
                0xa0000018                BCD3
                0xa000001c                BCD4
                0xa0000020                BCD2
                0xa0000024                _sbss_end = .
                0xa0000024                . = ALIGN (0x4)

.bss            0xa0000024       0x18
 *(.dynbss)
 *(COMMON)
 COMMON         0xa0000024       0x18 build/default/production/_ext/1225983975/PCF8573.o
                0xa0000024                hor
                0xa000003c                . = ALIGN ((. != 0x0)?0x4:0x1)
                0xa000003c                . = ALIGN (0x4)
                0xa000003c                _end = .
                0xa000003c                _bss_end = .
                0x00020000                _bmxdudba_address = 0x20000
                0x00020000                _bmxdupba_address = 0x20000

/DISCARD/
 *(.pdr)
 *(.rel.dyn)
 *(.note.GNU-stack)
 *(.note.GNU-stack)
 *(.gnu_debuglink)
 *(.gnu.lto_*)
 *(.discard)

.gptab.sdata
 *(.gptab.data)
 *(.gptab.sdata)

.gptab.sbss
 *(.gptab.bss)
 *(.gptab.sbss)

.mdebug.abi32   0xa000003c        0x0
 *(.mdebug.abi32)
 .mdebug.abi32  0xa000003c        0x0 build/default/production/_ext/1309593678/delay.o
 .mdebug.abi32  0xa000003c        0x0 build/default/production/_ext/637770267/I2Ccommon.o
 .mdebug.abi32  0xa000003c        0x0 build/default/production/_ext/1544592837/printWriter.o
 .mdebug.abi32  0xa000003c        0x0 build/default/production/_ext/1544592837/outputStream.o
 .mdebug.abi32  0xa000003c        0x0 build/default/production/_ext/637730607/pwmPic32.o
 .mdebug.abi32  0xa000003c        0x0 build/default/production/_ext/637730607/motorPwm.o
 .mdebug.abi32  0xa000003c        0x0 build/default/production/_ext/1922645879/serial.o
 .mdebug.abi32  0xa000003c        0x0 build/default/production/_ext/1922645879/serialOutputStream.o
 .mdebug.abi32  0xa000003c        0x0 build/default/production/_ext/1041058175/led.o
 .mdebug.abi32  0xa000003c        0x0 build/default/production/_ext/1225983975/MCP9804.o
 .mdebug.abi32  0xa000003c        0x0 build/default/production/_ext/1225983975/PCF8573.o
 .mdebug.abi32  0xa000003c        0x0 build/default/production/_ext/1225983975/time.o
 .mdebug.abi32  0xa000003c        0x0 build/default/production/_ext/1225983975/HCTL2032.o
 .mdebug.abi32  0xa000003c        0x0 build/default/production/_ext/649236794/lcd24064.o
 .mdebug.abi32  0xa000003c        0x0 build/default/production/_ext/649236794/lcdOutputStream.o
 .mdebug.abi32  0xa000003c        0x0 build/default/production/_ext/649236794/lcdProvider_24064.o
 .mdebug.abi32  0xa000003c        0x0 build/default/production/_ext/849511804/MainCEN.o
 .mdebug.abi32  0xa000003c        0x0 build/default/production/_ext/760809394/menu.o
 .mdebug.abi32  0xa000003c        0x0 /opt/microchip/xc32/v1.30/bin/../lib/gcc/pic32mx/4.5.2/../../../../pic32mx/lib/libmchp_peripheral_32MX795F512H.a(uart_lib.o)
 .mdebug.abi32  0xa000003c        0x0 /opt/microchip/xc32/v1.30/bin/../lib/gcc/pic32mx/4.5.2/../../../../pic32mx/lib/libmchp_peripheral_32MX795F512H.a(idle_i2c1_lib_legacy.o)
 .mdebug.abi32  0xa000003c        0x0 /opt/microchip/xc32/v1.30/bin/../lib/gcc/pic32mx/4.5.2/../../../../pic32mx/lib/libmchp_peripheral_32MX795F512H.a(master_read_i2c1_lib_legacy.o)
 .mdebug.abi32  0xa000003c        0x0 /opt/microchip/xc32/v1.30/bin/../lib/gcc/pic32mx/4.5.2/../../../../pic32mx/lib/libmchp_peripheral_32MX795F512H.a(master_write_i2c1_lib_legacy.o)
 .mdebug.abi32  0xa000003c        0x0 /opt/microchip/xc32/v1.30/bin/../lib/gcc/pic32mx/4.5.2/../../../../pic32mx/lib/libpic32.a(default-bootstrap-exception-handler.o)
 .mdebug.abi32  0xa000003c        0x0 /opt/microchip/xc32/v1.30/bin/../lib/gcc/pic32mx/4.5.2/../../../../pic32mx/lib/libpic32.a(default-on-reset.o)
 .mdebug.abi32  0xa000003c        0x0 /opt/microchip/xc32/v1.30/bin/../lib/gcc/pic32mx/4.5.2/../../../../pic32mx/lib/libpic32.a(default-on-bootstrap.o)
 .mdebug.abi32  0xa000003c        0x0 /opt/microchip/xc32/v1.30/bin/../lib/gcc/pic32mx/4.5.2/../../../../pic32mx/lib/libpic32.a(default-general-exception-handler.o)
 .mdebug.abi32  0xa000003c        0x0 /opt/microchip/xc32/v1.30/bin/../lib/gcc/pic32mx/4.5.2/../../../../pic32mx/lib/libpic32.a(defaultinterrupt.o)

.mdebug.abiN32
 *(.mdebug.abiN32)

.mdebug.abi64
 *(.mdebug.abi64)

.mdebug.abiO64
 *(.mdebug.abiO64)

.mdebug.eabi32
 *(.mdebug.eabi32)

.mdebug.eabi64
 *(.mdebug.eabi64)

.gcc_compiled_long32
 *(.gcc_compiled_long32)

.gcc_compiled_long64
 *(.gcc_compiled_long64)

.stab
 *(.stab)

.stabstr
 *(.stabstr)

.stab.excl
 *(.stab.excl)

.stab.exclstr
 *(.stab.exclstr)

.stab.index
 *(.stab.index)

.stab.indexstr
 *(.stab.indexstr)

.comment        0x00000000       0x78
 *(.comment)
 .comment       0x00000000       0x3c build/default/production/_ext/1309593678/delay.o
                                 0x3d (size before relaxing)
 .comment       0x00000000       0x3d build/default/production/_ext/637770267/I2Ccommon.o
 .comment       0x00000000       0x3d build/default/production/_ext/1544592837/printWriter.o
 .comment       0x00000000       0x3d build/default/production/_ext/1544592837/outputStream.o
 .comment       0x00000000       0x3d build/default/production/_ext/637730607/pwmPic32.o
 .comment       0x00000000       0x3d build/default/production/_ext/637730607/motorPwm.o
 .comment       0x00000000       0x3d build/default/production/_ext/1922645879/serial.o
 .comment       0x00000000       0x3d build/default/production/_ext/1922645879/serialOutputStream.o
 .comment       0x00000000       0x3d build/default/production/_ext/1041058175/led.o
 .comment       0x00000000       0x3d build/default/production/_ext/1225983975/MCP9804.o
 .comment       0x00000000       0x3d build/default/production/_ext/1225983975/PCF8573.o
 .comment       0x00000000       0x3d build/default/production/_ext/1225983975/time.o
 .comment       0x00000000       0x3d build/default/production/_ext/1225983975/HCTL2032.o
 .comment       0x00000000       0x3d build/default/production/_ext/649236794/lcd24064.o
 .comment       0x00000000       0x3d build/default/production/_ext/649236794/lcdOutputStream.o
 .comment       0x00000000       0x3d build/default/production/_ext/649236794/lcdProvider_24064.o
 .comment       0x00000000       0x3d build/default/production/_ext/849511804/MainCEN.o
 .comment       0x00000000       0x3d build/default/production/_ext/760809394/menu.o
 .comment       0x0000003c       0x3c /opt/microchip/xc32/v1.30/bin/../lib/gcc/pic32mx/4.5.2/../../../../pic32mx/lib/libmchp_peripheral_32MX795F512H.a(uart_lib.o)
                                 0x3d (size before relaxing)
 .comment       0x00000000       0x3d /opt/microchip/xc32/v1.30/bin/../lib/gcc/pic32mx/4.5.2/../../../../pic32mx/lib/libmchp_peripheral_32MX795F512H.a(idle_i2c1_lib_legacy.o)
 .comment       0x00000000       0x3d /opt/microchip/xc32/v1.30/bin/../lib/gcc/pic32mx/4.5.2/../../../../pic32mx/lib/libmchp_peripheral_32MX795F512H.a(master_read_i2c1_lib_legacy.o)
 .comment       0x00000000       0x3d /opt/microchip/xc32/v1.30/bin/../lib/gcc/pic32mx/4.5.2/../../../../pic32mx/lib/libmchp_peripheral_32MX795F512H.a(master_write_i2c1_lib_legacy.o)
 .comment       0x00000000       0x3d /opt/microchip/xc32/v1.30/bin/../lib/gcc/pic32mx/4.5.2/../../../../pic32mx/lib/libpic32.a(default-bootstrap-exception-handler.o)
 .comment       0x00000000       0x3d /opt/microchip/xc32/v1.30/bin/../lib/gcc/pic32mx/4.5.2/../../../../pic32mx/lib/libpic32.a(default-on-reset.o)
 .comment       0x00000000       0x3d /opt/microchip/xc32/v1.30/bin/../lib/gcc/pic32mx/4.5.2/../../../../pic32mx/lib/libpic32.a(default-on-bootstrap.o)
 .comment       0x00000000       0x3d /opt/microchip/xc32/v1.30/bin/../lib/gcc/pic32mx/4.5.2/../../../../pic32mx/lib/libpic32.a(default-general-exception-handler.o)
 .comment       0x00000000       0x3d /opt/microchip/xc32/v1.30/bin/../lib/gcc/pic32mx/4.5.2/../../../../pic32mx/lib/libpic32.a(defaultinterrupt.o)

.debug
 *(.debug)

.line
 *(.line)

.debug_srcinfo
 *(.debug_srcinfo)

.debug_sfnames
 *(.debug_sfnames)

.debug_aranges  0x00000000      0x398
 *(.debug_aranges)
 .debug_aranges
                0x00000000       0x20 build/default/production/_ext/1309593678/delay.o
 .debug_aranges
                0x00000020       0x20 build/default/production/_ext/637770267/I2Ccommon.o
 .debug_aranges
                0x00000040       0x20 build/default/production/_ext/1544592837/printWriter.o
 .debug_aranges
                0x00000060       0x20 build/default/production/_ext/1544592837/outputStream.o
 .debug_aranges
                0x00000080       0x20 build/default/production/_ext/637730607/pwmPic32.o
 .debug_aranges
                0x000000a0       0x20 build/default/production/_ext/637730607/motorPwm.o
 .debug_aranges
                0x000000c0       0x20 build/default/production/_ext/1922645879/serial.o
 .debug_aranges
                0x000000e0       0x20 build/default/production/_ext/1922645879/serialOutputStream.o
 .debug_aranges
                0x00000100       0x20 build/default/production/_ext/1041058175/led.o
 .debug_aranges
                0x00000120       0x20 build/default/production/_ext/1225983975/MCP9804.o
 .debug_aranges
                0x00000140       0x20 build/default/production/_ext/1225983975/PCF8573.o
 .debug_aranges
                0x00000160       0x20 build/default/production/_ext/1225983975/time.o
 .debug_aranges
                0x00000180       0x20 build/default/production/_ext/1225983975/HCTL2032.o
 .debug_aranges
                0x000001a0       0x20 build/default/production/_ext/649236794/lcd24064.o
 .debug_aranges
                0x000001c0       0x20 build/default/production/_ext/649236794/lcdOutputStream.o
 .debug_aranges
                0x000001e0       0x20 build/default/production/_ext/649236794/lcdProvider_24064.o
 .debug_aranges
                0x00000200       0x20 build/default/production/_ext/849511804/MainCEN.o
 .debug_aranges
                0x00000220       0x20 build/default/production/_ext/760809394/menu.o
 .debug_aranges
                0x00000240       0x58 /opt/microchip/xc32/v1.30/bin/../lib/gcc/pic32mx/4.5.2/../../../../pic32mx/lib/libmchp_peripheral_32MX795F512H.a(uart_lib.o)
 .debug_aranges
                0x00000298       0x20 /opt/microchip/xc32/v1.30/bin/../lib/gcc/pic32mx/4.5.2/../../../../pic32mx/lib/libmchp_peripheral_32MX795F512H.a(idle_i2c1_lib_legacy.o)
 .debug_aranges
                0x000002b8       0x20 /opt/microchip/xc32/v1.30/bin/../lib/gcc/pic32mx/4.5.2/../../../../pic32mx/lib/libmchp_peripheral_32MX795F512H.a(master_read_i2c1_lib_legacy.o)
 .debug_aranges
                0x000002d8       0x20 /opt/microchip/xc32/v1.30/bin/../lib/gcc/pic32mx/4.5.2/../../../../pic32mx/lib/libmchp_peripheral_32MX795F512H.a(master_write_i2c1_lib_legacy.o)
 .debug_aranges
                0x000002f8       0x20 /opt/microchip/xc32/v1.30/bin/../lib/gcc/pic32mx/4.5.2/../../../../pic32mx/lib/libpic32.a(default-bootstrap-exception-handler.o)
 .debug_aranges
                0x00000318       0x20 /opt/microchip/xc32/v1.30/bin/../lib/gcc/pic32mx/4.5.2/../../../../pic32mx/lib/libpic32.a(default-on-reset.o)
 .debug_aranges
                0x00000338       0x20 /opt/microchip/xc32/v1.30/bin/../lib/gcc/pic32mx/4.5.2/../../../../pic32mx/lib/libpic32.a(default-on-bootstrap.o)
 .debug_aranges
                0x00000358       0x20 /opt/microchip/xc32/v1.30/bin/../lib/gcc/pic32mx/4.5.2/../../../../pic32mx/lib/libpic32.a(default-general-exception-handler.o)
 .debug_aranges
                0x00000378       0x20 /opt/microchip/xc32/v1.30/bin/../lib/gcc/pic32mx/4.5.2/../../../../pic32mx/lib/libpic32.a(defaultinterrupt.o)

.debug_pubnames
                0x00000000      0xace
 *(.debug_pubnames)
 .debug_pubnames
                0x00000000       0x3b build/default/production/_ext/1309593678/delay.o
 .debug_pubnames
                0x0000003b       0x4c build/default/production/_ext/637770267/I2Ccommon.o
 .debug_pubnames
                0x00000087       0xdf build/default/production/_ext/1544592837/printWriter.o
 .debug_pubnames
                0x00000166       0x27 build/default/production/_ext/1544592837/outputStream.o
 .debug_pubnames
                0x0000018d       0x1e build/default/production/_ext/637730607/pwmPic32.o
 .debug_pubnames
                0x000001ab       0x3c build/default/production/_ext/637730607/motorPwm.o
 .debug_pubnames
                0x000001e7       0x50 build/default/production/_ext/1922645879/serial.o
 .debug_pubnames
                0x00000237      0x13f build/default/production/_ext/1922645879/serialOutputStream.o
 .debug_pubnames
                0x00000376       0x7f build/default/production/_ext/1041058175/led.o
 .debug_pubnames
                0x000003f5       0xd9 build/default/production/_ext/1225983975/MCP9804.o
 .debug_pubnames
                0x000004ce       0x3c build/default/production/_ext/1225983975/PCF8573.o
 .debug_pubnames
                0x0000050a       0x32 build/default/production/_ext/1225983975/time.o
 .debug_pubnames
                0x0000053c       0x2a build/default/production/_ext/1225983975/HCTL2032.o
 .debug_pubnames
                0x00000566      0x1e7 build/default/production/_ext/649236794/lcd24064.o
 .debug_pubnames
                0x0000074d       0x61 build/default/production/_ext/649236794/lcdOutputStream.o
 .debug_pubnames
                0x000007ae       0x89 build/default/production/_ext/649236794/lcdProvider_24064.o
 .debug_pubnames
                0x00000837       0x8f build/default/production/_ext/849511804/MainCEN.o
 .debug_pubnames
                0x000008c6       0x1d build/default/production/_ext/760809394/menu.o
 .debug_pubnames
                0x000008e3       0xb1 /opt/microchip/xc32/v1.30/bin/../lib/gcc/pic32mx/4.5.2/../../../../pic32mx/lib/libmchp_peripheral_32MX795F512H.a(uart_lib.o)
 .debug_pubnames
                0x00000994       0x1f /opt/microchip/xc32/v1.30/bin/../lib/gcc/pic32mx/4.5.2/../../../../pic32mx/lib/libmchp_peripheral_32MX795F512H.a(idle_i2c1_lib_legacy.o)
 .debug_pubnames
                0x000009b3       0x25 /opt/microchip/xc32/v1.30/bin/../lib/gcc/pic32mx/4.5.2/../../../../pic32mx/lib/libmchp_peripheral_32MX795F512H.a(master_read_i2c1_lib_legacy.o)
 .debug_pubnames
                0x000009d8       0x26 /opt/microchip/xc32/v1.30/bin/../lib/gcc/pic32mx/4.5.2/../../../../pic32mx/lib/libmchp_peripheral_32MX795F512H.a(master_write_i2c1_lib_legacy.o)
 .debug_pubnames
                0x000009fe       0x33 /opt/microchip/xc32/v1.30/bin/../lib/gcc/pic32mx/4.5.2/../../../../pic32mx/lib/libpic32.a(default-bootstrap-exception-handler.o)
 .debug_pubnames
                0x00000a31       0x20 /opt/microchip/xc32/v1.30/bin/../lib/gcc/pic32mx/4.5.2/../../../../pic32mx/lib/libpic32.a(default-on-reset.o)
 .debug_pubnames
                0x00000a51       0x24 /opt/microchip/xc32/v1.30/bin/../lib/gcc/pic32mx/4.5.2/../../../../pic32mx/lib/libpic32.a(default-on-bootstrap.o)
 .debug_pubnames
                0x00000a75       0x31 /opt/microchip/xc32/v1.30/bin/../lib/gcc/pic32mx/4.5.2/../../../../pic32mx/lib/libpic32.a(default-general-exception-handler.o)
 .debug_pubnames
                0x00000aa6       0x28 /opt/microchip/xc32/v1.30/bin/../lib/gcc/pic32mx/4.5.2/../../../../pic32mx/lib/libpic32.a(defaultinterrupt.o)

.debug_info     0x00000000    0x10ce1
 *(.debug_info .gnu.linkonce.wi.*)
 .debug_info    0x00000000      0x141 build/default/production/_ext/1309593678/delay.o
 .debug_info    0x00000141     0x1274 build/default/production/_ext/637770267/I2Ccommon.o
 .debug_info    0x000013b5      0x58d build/default/production/_ext/1544592837/printWriter.o
 .debug_info    0x00001942      0x282 build/default/production/_ext/1544592837/outputStream.o
 .debug_info    0x00001bc4     0x1448 build/default/production/_ext/637730607/pwmPic32.o
 .debug_info    0x0000300c      0x346 build/default/production/_ext/637730607/motorPwm.o
 .debug_info    0x00003352     0x17fa build/default/production/_ext/1922645879/serial.o
 .debug_info    0x00004b4c     0x1683 build/default/production/_ext/1922645879/serialOutputStream.o
 .debug_info    0x000061cf     0x152a build/default/production/_ext/1041058175/led.o
 .debug_info    0x000076f9     0x1459 build/default/production/_ext/1225983975/MCP9804.o
 .debug_info    0x00008b52     0x1268 build/default/production/_ext/1225983975/PCF8573.o
 .debug_info    0x00009dba      0x362 build/default/production/_ext/1225983975/time.o
 .debug_info    0x0000a11c      0x575 build/default/production/_ext/1225983975/HCTL2032.o
 .debug_info    0x0000a691     0x1c8f build/default/production/_ext/649236794/lcd24064.o
 .debug_info    0x0000c320     0x13fa build/default/production/_ext/649236794/lcdOutputStream.o
 .debug_info    0x0000d71a      0x2d4 build/default/production/_ext/649236794/lcdProvider_24064.o
 .debug_info    0x0000d9ee     0x1825 build/default/production/_ext/849511804/MainCEN.o
 .debug_info    0x0000f213     0x134f build/default/production/_ext/760809394/menu.o
 .debug_info    0x00010562      0x175 /opt/microchip/xc32/v1.30/bin/../lib/gcc/pic32mx/4.5.2/../../../../pic32mx/lib/libmchp_peripheral_32MX795F512H.a(uart_lib.o)
 .debug_info    0x000106d7       0xa4 /opt/microchip/xc32/v1.30/bin/../lib/gcc/pic32mx/4.5.2/../../../../pic32mx/lib/libmchp_peripheral_32MX795F512H.a(idle_i2c1_lib_legacy.o)
 .debug_info    0x0001077b       0xb1 /opt/microchip/xc32/v1.30/bin/../lib/gcc/pic32mx/4.5.2/../../../../pic32mx/lib/libmchp_peripheral_32MX795F512H.a(master_read_i2c1_lib_legacy.o)
 .debug_info    0x0001082c       0xb3 /opt/microchip/xc32/v1.30/bin/../lib/gcc/pic32mx/4.5.2/../../../../pic32mx/lib/libmchp_peripheral_32MX795F512H.a(master_write_i2c1_lib_legacy.o)
 .debug_info    0x000108df       0xde /opt/microchip/xc32/v1.30/bin/../lib/gcc/pic32mx/4.5.2/../../../../pic32mx/lib/libpic32.a(default-bootstrap-exception-handler.o)
 .debug_info    0x000109bd       0xb8 /opt/microchip/xc32/v1.30/bin/../lib/gcc/pic32mx/4.5.2/../../../../pic32mx/lib/libpic32.a(default-on-reset.o)
 .debug_info    0x00010a75       0xc0 /opt/microchip/xc32/v1.30/bin/../lib/gcc/pic32mx/4.5.2/../../../../pic32mx/lib/libpic32.a(default-on-bootstrap.o)
 .debug_info    0x00010b35       0xda /opt/microchip/xc32/v1.30/bin/../lib/gcc/pic32mx/4.5.2/../../../../pic32mx/lib/libpic32.a(default-general-exception-handler.o)
 .debug_info    0x00010c0f       0xd2 /opt/microchip/xc32/v1.30/bin/../lib/gcc/pic32mx/4.5.2/../../../../pic32mx/lib/libpic32.a(defaultinterrupt.o)

.debug_abbrev   0x00000000     0x1d47
 *(.debug_abbrev)
 .debug_abbrev  0x00000000       0x7e build/default/production/_ext/1309593678/delay.o
 .debug_abbrev  0x0000007e      0x1e1 build/default/production/_ext/637770267/I2Ccommon.o
 .debug_abbrev  0x0000025f       0xef build/default/production/_ext/1544592837/printWriter.o
 .debug_abbrev  0x0000034e       0xb2 build/default/production/_ext/1544592837/outputStream.o
 .debug_abbrev  0x00000400      0x19b build/default/production/_ext/637730607/pwmPic32.o
 .debug_abbrev  0x0000059b       0xef build/default/production/_ext/637730607/motorPwm.o
 .debug_abbrev  0x0000068a      0x24b build/default/production/_ext/1922645879/serial.o
 .debug_abbrev  0x000008d5      0x1f3 build/default/production/_ext/1922645879/serialOutputStream.o
 .debug_abbrev  0x00000ac8      0x1ef build/default/production/_ext/1041058175/led.o
 .debug_abbrev  0x00000cb7      0x1e5 build/default/production/_ext/1225983975/MCP9804.o
 .debug_abbrev  0x00000e9c      0x1bf build/default/production/_ext/1225983975/PCF8573.o
 .debug_abbrev  0x0000105b       0xf0 build/default/production/_ext/1225983975/time.o
 .debug_abbrev  0x0000114b       0xda build/default/production/_ext/1225983975/HCTL2032.o
 .debug_abbrev  0x00001225      0x298 build/default/production/_ext/649236794/lcd24064.o
 .debug_abbrev  0x000014bd      0x1dd build/default/production/_ext/649236794/lcdOutputStream.o
 .debug_abbrev  0x0000169a       0x70 build/default/production/_ext/649236794/lcdProvider_24064.o
 .debug_abbrev  0x0000170a      0x306 build/default/production/_ext/849511804/MainCEN.o
 .debug_abbrev  0x00001a10      0x1e1 build/default/production/_ext/760809394/menu.o
 .debug_abbrev  0x00001bf1       0x38 /opt/microchip/xc32/v1.30/bin/../lib/gcc/pic32mx/4.5.2/../../../../pic32mx/lib/libmchp_peripheral_32MX795F512H.a(uart_lib.o)
 .debug_abbrev  0x00001c29       0x25 /opt/microchip/xc32/v1.30/bin/../lib/gcc/pic32mx/4.5.2/../../../../pic32mx/lib/libmchp_peripheral_32MX795F512H.a(idle_i2c1_lib_legacy.o)
 .debug_abbrev  0x00001c4e       0x25 /opt/microchip/xc32/v1.30/bin/../lib/gcc/pic32mx/4.5.2/../../../../pic32mx/lib/libmchp_peripheral_32MX795F512H.a(master_read_i2c1_lib_legacy.o)
 .debug_abbrev  0x00001c73       0x25 /opt/microchip/xc32/v1.30/bin/../lib/gcc/pic32mx/4.5.2/../../../../pic32mx/lib/libmchp_peripheral_32MX795F512H.a(master_write_i2c1_lib_legacy.o)
 .debug_abbrev  0x00001c98       0x23 /opt/microchip/xc32/v1.30/bin/../lib/gcc/pic32mx/4.5.2/../../../../pic32mx/lib/libpic32.a(default-bootstrap-exception-handler.o)
 .debug_abbrev  0x00001cbb       0x23 /opt/microchip/xc32/v1.30/bin/../lib/gcc/pic32mx/4.5.2/../../../../pic32mx/lib/libpic32.a(default-on-reset.o)
 .debug_abbrev  0x00001cde       0x23 /opt/microchip/xc32/v1.30/bin/../lib/gcc/pic32mx/4.5.2/../../../../pic32mx/lib/libpic32.a(default-on-bootstrap.o)
 .debug_abbrev  0x00001d01       0x23 /opt/microchip/xc32/v1.30/bin/../lib/gcc/pic32mx/4.5.2/../../../../pic32mx/lib/libpic32.a(default-general-exception-handler.o)
 .debug_abbrev  0x00001d24       0x23 /opt/microchip/xc32/v1.30/bin/../lib/gcc/pic32mx/4.5.2/../../../../pic32mx/lib/libpic32.a(defaultinterrupt.o)

.debug_line     0x00000000     0x1e43
 *(.debug_line)
 .debug_line    0x00000000       0x90 build/default/production/_ext/1309593678/delay.o
 .debug_line    0x00000090      0x155 build/default/production/_ext/637770267/I2Ccommon.o
 .debug_line    0x000001e5      0x102 build/default/production/_ext/1544592837/printWriter.o
 .debug_line    0x000002e7       0x96 build/default/production/_ext/1544592837/outputStream.o
 .debug_line    0x0000037d      0x149 build/default/production/_ext/637730607/pwmPic32.o
 .debug_line    0x000004c6       0xe1 build/default/production/_ext/637730607/motorPwm.o
 .debug_line    0x000005a7      0x1ae build/default/production/_ext/1922645879/serial.o
 .debug_line    0x00000755      0x1f1 build/default/production/_ext/1922645879/serialOutputStream.o
 .debug_line    0x00000946      0x1bc build/default/production/_ext/1041058175/led.o
 .debug_line    0x00000b02      0x18e build/default/production/_ext/1225983975/MCP9804.o
 .debug_line    0x00000c90      0x166 build/default/production/_ext/1225983975/PCF8573.o
 .debug_line    0x00000df6       0xec build/default/production/_ext/1225983975/time.o
 .debug_line    0x00000ee2       0xe3 build/default/production/_ext/1225983975/HCTL2032.o
 .debug_line    0x00000fc5      0x2e4 build/default/production/_ext/649236794/lcd24064.o
 .debug_line    0x000012a9      0x1ac build/default/production/_ext/649236794/lcdOutputStream.o
 .debug_line    0x00001455       0xa2 build/default/production/_ext/649236794/lcdProvider_24064.o
 .debug_line    0x000014f7      0x326 build/default/production/_ext/849511804/MainCEN.o
 .debug_line    0x0000181d      0x1a0 build/default/production/_ext/760809394/menu.o
 .debug_line    0x000019bd       0x62 /opt/microchip/xc32/v1.30/bin/../lib/gcc/pic32mx/4.5.2/../../../../pic32mx/lib/libmchp_peripheral_32MX795F512H.a(uart_lib.o)
 .debug_line    0x00001a1f       0x6d /opt/microchip/xc32/v1.30/bin/../lib/gcc/pic32mx/4.5.2/../../../../pic32mx/lib/libmchp_peripheral_32MX795F512H.a(idle_i2c1_lib_legacy.o)
 .debug_line    0x00001a8c       0x74 /opt/microchip/xc32/v1.30/bin/../lib/gcc/pic32mx/4.5.2/../../../../pic32mx/lib/libmchp_peripheral_32MX795F512H.a(master_read_i2c1_lib_legacy.o)
 .debug_line    0x00001b00       0x75 /opt/microchip/xc32/v1.30/bin/../lib/gcc/pic32mx/4.5.2/../../../../pic32mx/lib/libmchp_peripheral_32MX795F512H.a(master_write_i2c1_lib_legacy.o)
 .debug_line    0x00001b75       0x97 /opt/microchip/xc32/v1.30/bin/../lib/gcc/pic32mx/4.5.2/../../../../pic32mx/lib/libpic32.a(default-bootstrap-exception-handler.o)
 .debug_line    0x00001c0c       0x84 /opt/microchip/xc32/v1.30/bin/../lib/gcc/pic32mx/4.5.2/../../../../pic32mx/lib/libpic32.a(default-on-reset.o)
 .debug_line    0x00001c90       0x88 /opt/microchip/xc32/v1.30/bin/../lib/gcc/pic32mx/4.5.2/../../../../pic32mx/lib/libpic32.a(default-on-bootstrap.o)
 .debug_line    0x00001d18       0x95 /opt/microchip/xc32/v1.30/bin/../lib/gcc/pic32mx/4.5.2/../../../../pic32mx/lib/libpic32.a(default-general-exception-handler.o)
 .debug_line    0x00001dad       0x96 /opt/microchip/xc32/v1.30/bin/../lib/gcc/pic32mx/4.5.2/../../../../pic32mx/lib/libpic32.a(defaultinterrupt.o)

.debug_frame    0x00000000      0xe2c
 *(.debug_frame)
 .debug_frame   0x00000000       0x64 build/default/production/_ext/1309593678/delay.o
 .debug_frame   0x00000064       0x80 build/default/production/_ext/637770267/I2Ccommon.o
 .debug_frame   0x000000e4      0x17c build/default/production/_ext/1544592837/printWriter.o
 .debug_frame   0x00000260       0x2c build/default/production/_ext/1544592837/outputStream.o
 .debug_frame   0x0000028c       0x2c build/default/production/_ext/637730607/pwmPic32.o
 .debug_frame   0x000002b8       0x64 build/default/production/_ext/637730607/motorPwm.o
 .debug_frame   0x0000031c       0x80 build/default/production/_ext/1922645879/serial.o
 .debug_frame   0x0000039c      0x198 build/default/production/_ext/1922645879/serialOutputStream.o
 .debug_frame   0x00000534      0x128 build/default/production/_ext/1041058175/led.o
 .debug_frame   0x0000065c       0xd4 build/default/production/_ext/1225983975/MCP9804.o
 .debug_frame   0x00000730       0x48 build/default/production/_ext/1225983975/PCF8573.o
 .debug_frame   0x00000778       0x48 build/default/production/_ext/1225983975/time.o
 .debug_frame   0x000007c0       0x48 build/default/production/_ext/1225983975/HCTL2032.o
 .debug_frame   0x00000808      0x25c build/default/production/_ext/649236794/lcd24064.o
 .debug_frame   0x00000a64       0x9c build/default/production/_ext/649236794/lcdOutputStream.o
 .debug_frame   0x00000b00       0xd4 build/default/production/_ext/649236794/lcdProvider_24064.o
 .debug_frame   0x00000bd4       0x84 build/default/production/_ext/849511804/MainCEN.o
 .debug_frame   0x00000c58       0x2c build/default/production/_ext/760809394/menu.o
 .debug_frame   0x00000c84       0x90 /opt/microchip/xc32/v1.30/bin/../lib/gcc/pic32mx/4.5.2/../../../../pic32mx/lib/libmchp_peripheral_32MX795F512H.a(uart_lib.o)
 .debug_frame   0x00000d14       0x20 /opt/microchip/xc32/v1.30/bin/../lib/gcc/pic32mx/4.5.2/../../../../pic32mx/lib/libmchp_peripheral_32MX795F512H.a(idle_i2c1_lib_legacy.o)
 .debug_frame   0x00000d34       0x20 /opt/microchip/xc32/v1.30/bin/../lib/gcc/pic32mx/4.5.2/../../../../pic32mx/lib/libmchp_peripheral_32MX795F512H.a(master_read_i2c1_lib_legacy.o)
 .debug_frame   0x00000d54       0x28 /opt/microchip/xc32/v1.30/bin/../lib/gcc/pic32mx/4.5.2/../../../../pic32mx/lib/libmchp_peripheral_32MX795F512H.a(master_write_i2c1_lib_legacy.o)
 .debug_frame   0x00000d7c       0x28 /opt/microchip/xc32/v1.30/bin/../lib/gcc/pic32mx/4.5.2/../../../../pic32mx/lib/libpic32.a(default-bootstrap-exception-handler.o)
 .debug_frame   0x00000da4       0x20 /opt/microchip/xc32/v1.30/bin/../lib/gcc/pic32mx/4.5.2/../../../../pic32mx/lib/libpic32.a(default-on-reset.o)
 .debug_frame   0x00000dc4       0x20 /opt/microchip/xc32/v1.30/bin/../lib/gcc/pic32mx/4.5.2/../../../../pic32mx/lib/libpic32.a(default-on-bootstrap.o)
 .debug_frame   0x00000de4       0x28 /opt/microchip/xc32/v1.30/bin/../lib/gcc/pic32mx/4.5.2/../../../../pic32mx/lib/libpic32.a(default-general-exception-handler.o)
 .debug_frame   0x00000e0c       0x20 /opt/microchip/xc32/v1.30/bin/../lib/gcc/pic32mx/4.5.2/../../../../pic32mx/lib/libpic32.a(defaultinterrupt.o)

.debug_str      0x00000000      0xec4
 *(.debug_str)
 .debug_str     0x00000000        0x0 build/default/production/_ext/1309593678/delay.o
 .debug_str     0x00000000      0x145 build/default/production/_ext/637770267/I2Ccommon.o
 .debug_str     0x00000145       0x20 build/default/production/_ext/1544592837/printWriter.o
 .debug_str     0x00000165       0x3a build/default/production/_ext/1544592837/outputStream.o
 .debug_str     0x0000019f      0x142 build/default/production/_ext/637730607/pwmPic32.o
 .debug_str     0x000002e1        0xa build/default/production/_ext/637730607/motorPwm.o
 .debug_str     0x000002eb      0x135 build/default/production/_ext/1922645879/serial.o
 .debug_str     0x00000420      0x15a build/default/production/_ext/1922645879/serialOutputStream.o
 .debug_str     0x0000057a      0x153 build/default/production/_ext/1041058175/led.o
 .debug_str     0x000006cd      0x151 build/default/production/_ext/1225983975/MCP9804.o
 .debug_str     0x0000081e      0x12f build/default/production/_ext/1225983975/PCF8573.o
 .debug_str     0x0000094d        0xd build/default/production/_ext/1225983975/time.o
 .debug_str     0x0000095a       0x28 build/default/production/_ext/1225983975/HCTL2032.o
 .debug_str     0x00000982      0x16b build/default/production/_ext/649236794/lcd24064.o
 .debug_str     0x00000aed      0x149 build/default/production/_ext/649236794/lcdOutputStream.o
 .debug_str     0x00000c36        0x0 build/default/production/_ext/649236794/lcdProvider_24064.o
 .debug_str     0x00000c36      0x152 build/default/production/_ext/849511804/MainCEN.o
 .debug_str     0x00000d88      0x13c build/default/production/_ext/760809394/menu.o
 .debug_str     0x00000ec4        0x0 /opt/microchip/xc32/v1.30/bin/../lib/gcc/pic32mx/4.5.2/../../../../pic32mx/lib/libmchp_peripheral_32MX795F512H.a(uart_lib.o)
 .debug_str     0x00000ec4        0x0 /opt/microchip/xc32/v1.30/bin/../lib/gcc/pic32mx/4.5.2/../../../../pic32mx/lib/libmchp_peripheral_32MX795F512H.a(idle_i2c1_lib_legacy.o)
 .debug_str     0x00000ec4        0x0 /opt/microchip/xc32/v1.30/bin/../lib/gcc/pic32mx/4.5.2/../../../../pic32mx/lib/libmchp_peripheral_32MX795F512H.a(master_read_i2c1_lib_legacy.o)
 .debug_str     0x00000ec4        0x0 /opt/microchip/xc32/v1.30/bin/../lib/gcc/pic32mx/4.5.2/../../../../pic32mx/lib/libmchp_peripheral_32MX795F512H.a(master_write_i2c1_lib_legacy.o)
 .debug_str     0x00000ec4        0x0 /opt/microchip/xc32/v1.30/bin/../lib/gcc/pic32mx/4.5.2/../../../../pic32mx/lib/libpic32.a(default-bootstrap-exception-handler.o)
 .debug_str     0x00000ec4        0x0 /opt/microchip/xc32/v1.30/bin/../lib/gcc/pic32mx/4.5.2/../../../../pic32mx/lib/libpic32.a(default-on-reset.o)
 .debug_str     0x00000ec4        0x0 /opt/microchip/xc32/v1.30/bin/../lib/gcc/pic32mx/4.5.2/../../../../pic32mx/lib/libpic32.a(default-on-bootstrap.o)
 .debug_str     0x00000ec4        0x0 /opt/microchip/xc32/v1.30/bin/../lib/gcc/pic32mx/4.5.2/../../../../pic32mx/lib/libpic32.a(default-general-exception-handler.o)
 .debug_str     0x00000ec4        0x0 /opt/microchip/xc32/v1.30/bin/../lib/gcc/pic32mx/4.5.2/../../../../pic32mx/lib/libpic32.a(defaultinterrupt.o)

.debug_loc
 *(.debug_loc)

.debug_macinfo
 *(.debug_macinfo)

.debug_weaknames
 *(.debug_weaknames)

.debug_funcnames
 *(.debug_funcnames)

.debug_typenames
 *(.debug_typenames)

.debug_varnames
 *(.debug_varnames)

.debug_pubtypes
                0x00000000      0xf6a
 *(.debug_pubtypes)
 .debug_pubtypes
                0x00000000      0x104 build/default/production/_ext/637770267/I2Ccommon.o
 .debug_pubtypes
                0x00000104       0x97 build/default/production/_ext/1544592837/printWriter.o
 .debug_pubtypes
                0x0000019b       0x97 build/default/production/_ext/1544592837/outputStream.o
 .debug_pubtypes
                0x00000232       0xf9 build/default/production/_ext/637730607/pwmPic32.o
 .debug_pubtypes
                0x0000032b       0x24 build/default/production/_ext/637730607/motorPwm.o
 .debug_pubtypes
                0x0000034f      0x128 build/default/production/_ext/1922645879/serial.o
 .debug_pubtypes
                0x00000477      0x16c build/default/production/_ext/1922645879/serialOutputStream.o
 .debug_pubtypes
                0x000005e3      0x104 build/default/production/_ext/1041058175/led.o
 .debug_pubtypes
                0x000006e7       0xf1 build/default/production/_ext/1225983975/MCP9804.o
 .debug_pubtypes
                0x000007d8       0xf3 build/default/production/_ext/1225983975/PCF8573.o
 .debug_pubtypes
                0x000008cb       0xa3 build/default/production/_ext/1225983975/time.o
 .debug_pubtypes
                0x0000096e       0x5a build/default/production/_ext/1225983975/HCTL2032.o
 .debug_pubtypes
                0x000009c8      0x12f build/default/production/_ext/649236794/lcd24064.o
 .debug_pubtypes
                0x00000af7      0x16c build/default/production/_ext/649236794/lcdOutputStream.o
 .debug_pubtypes
                0x00000c63      0x19b build/default/production/_ext/849511804/MainCEN.o
 .debug_pubtypes
                0x00000dfe      0x16c build/default/production/_ext/760809394/menu.o

.debug_ranges   0x00000000       0x78
 *(.debug_ranges)
 .debug_ranges  0x00000000       0x48 /opt/microchip/xc32/v1.30/bin/../lib/gcc/pic32mx/4.5.2/../../../../pic32mx/lib/libmchp_peripheral_32MX795F512H.a(uart_lib.o)
 .debug_ranges  0x00000048       0x10 /opt/microchip/xc32/v1.30/bin/../lib/gcc/pic32mx/4.5.2/../../../../pic32mx/lib/libmchp_peripheral_32MX795F512H.a(idle_i2c1_lib_legacy.o)
 .debug_ranges  0x00000058       0x10 /opt/microchip/xc32/v1.30/bin/../lib/gcc/pic32mx/4.5.2/../../../../pic32mx/lib/libmchp_peripheral_32MX795F512H.a(master_read_i2c1_lib_legacy.o)
 .debug_ranges  0x00000068       0x10 /opt/microchip/xc32/v1.30/bin/../lib/gcc/pic32mx/4.5.2/../../../../pic32mx/lib/libmchp_peripheral_32MX795F512H.a(master_write_i2c1_lib_legacy.o)

.gnu.attributes
                0x00000000       0x10
 *(.gnu.attributes)
 .gnu.attributes
                0x00000000       0x10 build/default/production/_ext/1309593678/delay.o
 .gnu.attributes
                0x00000010       0x10 build/default/production/_ext/637770267/I2Ccommon.o
 .gnu.attributes
                0x00000020       0x10 build/default/production/_ext/1544592837/printWriter.o
 .gnu.attributes
                0x00000030       0x10 build/default/production/_ext/1544592837/outputStream.o
 .gnu.attributes
                0x00000040       0x10 build/default/production/_ext/637730607/pwmPic32.o
 .gnu.attributes
                0x00000050       0x10 build/default/production/_ext/637730607/motorPwm.o
 .gnu.attributes
                0x00000060       0x10 build/default/production/_ext/1922645879/serial.o
 .gnu.attributes
                0x00000070       0x10 build/default/production/_ext/1922645879/serialOutputStream.o
 .gnu.attributes
                0x00000080       0x10 build/default/production/_ext/1041058175/led.o
 .gnu.attributes
                0x00000090       0x10 build/default/production/_ext/1225983975/MCP9804.o
 .gnu.attributes
                0x000000a0       0x10 build/default/production/_ext/1225983975/PCF8573.o
 .gnu.attributes
                0x000000b0       0x10 build/default/production/_ext/1225983975/time.o
 .gnu.attributes
                0x000000c0       0x10 build/default/production/_ext/1225983975/HCTL2032.o
 .gnu.attributes
                0x000000d0       0x10 build/default/production/_ext/649236794/lcd24064.o
 .gnu.attributes
                0x000000e0       0x10 build/default/production/_ext/649236794/lcdOutputStream.o
 .gnu.attributes
                0x000000f0       0x10 build/default/production/_ext/649236794/lcdProvider_24064.o
 .gnu.attributes
                0x00000100       0x10 build/default/production/_ext/849511804/MainCEN.o
 .gnu.attributes
                0x00000110       0x10 build/default/production/_ext/760809394/menu.o
 .gnu.attributes
                0x00000120       0x10 /opt/microchip/xc32/v1.30/bin/../lib/gcc/pic32mx/4.5.2/../../../../pic32mx/lib/libmchp_peripheral_32MX795F512H.a(uart_lib.o)
 .gnu.attributes
                0x00000130       0x10 /opt/microchip/xc32/v1.30/bin/../lib/gcc/pic32mx/4.5.2/../../../../pic32mx/lib/libmchp_peripheral_32MX795F512H.a(idle_i2c1_lib_legacy.o)
 .gnu.attributes
                0x00000140       0x10 /opt/microchip/xc32/v1.30/bin/../lib/gcc/pic32mx/4.5.2/../../../../pic32mx/lib/libmchp_peripheral_32MX795F512H.a(master_read_i2c1_lib_legacy.o)
 .gnu.attributes
                0x00000150       0x10 /opt/microchip/xc32/v1.30/bin/../lib/gcc/pic32mx/4.5.2/../../../../pic32mx/lib/libmchp_peripheral_32MX795F512H.a(master_write_i2c1_lib_legacy.o)
 .gnu.attributes
                0x00000160       0x10 /opt/microchip/xc32/v1.30/bin/../lib/gcc/pic32mx/4.5.2/../../../../pic32mx/lib/libpic32.a(default-bootstrap-exception-handler.o)
 .gnu.attributes
                0x00000170       0x10 /opt/microchip/xc32/v1.30/bin/../lib/gcc/pic32mx/4.5.2/../../../../pic32mx/lib/libpic32.a(default-on-reset.o)
 .gnu.attributes
                0x00000180       0x10 /opt/microchip/xc32/v1.30/bin/../lib/gcc/pic32mx/4.5.2/../../../../pic32mx/lib/libpic32.a(default-on-bootstrap.o)
 .gnu.attributes
                0x00000190       0x10 /opt/microchip/xc32/v1.30/bin/../lib/gcc/pic32mx/4.5.2/../../../../pic32mx/lib/libpic32.a(default-general-exception-handler.o)
 .gnu.attributes
                0x000001a0       0x10 /opt/microchip/xc32/v1.30/bin/../lib/gcc/pic32mx/4.5.2/../../../../pic32mx/lib/libpic32.a(defaultinterrupt.o)
LOAD /opt/microchip/xc32/v1.30/bin/../lib/gcc/pic32mx/4.5.2/libgcc.a
START GROUP
LOAD /opt/microchip/xc32/v1.30/bin/../lib/gcc/pic32mx/4.5.2/../../../../pic32mx/lib/libpic32.a
LOAD /opt/microchip/xc32/v1.30/bin/../lib/gcc/pic32mx/4.5.2/../../../../pic32mx/lib/libdebug.a
LOAD /opt/microchip/xc32/v1.30/bin/../lib/gcc/pic32mx/4.5.2/../../../../pic32mx/lib/libm.a
LOAD /opt/microchip/xc32/v1.30/bin/../lib/gcc/pic32mx/4.5.2/../../../../pic32mx/lib/libe.a
LOAD /opt/microchip/xc32/v1.30/bin/../lib/gcc/pic32mx/4.5.2/../../../../pic32mx/lib/libdsp.a
LOAD /opt/microchip/xc32/v1.30/bin/../lib/gcc/pic32mx/4.5.2/libgcc.a
LOAD /opt/microchip/xc32/v1.30/bin/../lib/gcc/pic32mx/4.5.2/../../../../pic32mx/lib/libpic32.a
LOAD /opt/microchip/xc32/v1.30/bin/../lib/gcc/pic32mx/4.5.2/../../../../pic32mx/lib/libc.a
LOAD /opt/microchip/xc32/v1.30/bin/../lib/gcc/pic32mx/4.5.2/../../../../pic32mx/lib/libpic32.a
END GROUP
LOAD /opt/microchip/xc32/v1.30/bin/../lib/gcc/pic32mx/4.5.2/libgcc.a
LOAD /opt/microchip/xc32/v1.30/bin/../lib/gcc/pic32mx/4.5.2/../../../../pic32mx/lib/debug-exception-return.o
OUTPUT(dist/default/production/TEST_MOTOR_BOARD_32.X.production.elf elf32-tradlittlemips)
LOAD stack
LOAD data_init

.reginfo        0x00000000       0x18
 .reginfo       0x00000000       0x18 /opt/microchip/xc32/v1.30/bin/../lib/gcc/pic32mx/4.5.2/../../../../pic32mx/lib/./proc/32MX795F512H/crt0_mips32r2.o

.stack          0xa00000b0      0x400
 .stack         0xa00000b0      0x400 stack

.bss            0xa000003c       0x48
 .bss           0xa000003c       0x48 build/default/production/_ext/849511804/MainCEN.o

.bss%z1         0x00000000        0x0
 .bss           0x00000000        0x0 /opt/microchip/xc32/v1.30/bin/../lib/gcc/pic32mx/4.5.2/../../../../pic32mx/lib/debug-exception-return.o

.data%z2        0x00000000        0x0
 .data          0x00000000        0x0 /opt/microchip/xc32/v1.30/bin/../lib/gcc/pic32mx/4.5.2/../../../../pic32mx/lib/debug-exception-return.o

.bss%z3         0x00000000        0x0
 .bss           0x00000000        0x0 /opt/microchip/xc32/v1.30/bin/../lib/gcc/pic32mx/4.5.2/../../../../pic32mx/lib/libpic32.a(defaultinterrupt.o)

.data%z4        0x00000000        0x0
 .data          0x00000000        0x0 /opt/microchip/xc32/v1.30/bin/../lib/gcc/pic32mx/4.5.2/../../../../pic32mx/lib/libpic32.a(defaultinterrupt.o)

.bss%z5         0x00000000        0x0
 .bss           0x00000000        0x0 /opt/microchip/xc32/v1.30/bin/../lib/gcc/pic32mx/4.5.2/../../../../pic32mx/lib/libpic32.a(default-general-exception-handler.o)

.data%z6        0x00000000        0x0
 .data          0x00000000        0x0 /opt/microchip/xc32/v1.30/bin/../lib/gcc/pic32mx/4.5.2/../../../../pic32mx/lib/libpic32.a(default-general-exception-handler.o)

.bss%z7         0x00000000        0x0
 .bss           0x00000000        0x0 /opt/microchip/xc32/v1.30/bin/../lib/gcc/pic32mx/4.5.2/../../../../pic32mx/lib/libpic32.a(vector63.o)

.data%z8        0x00000000        0x0
 .data          0x00000000        0x0 /opt/microchip/xc32/v1.30/bin/../lib/gcc/pic32mx/4.5.2/../../../../pic32mx/lib/libpic32.a(vector63.o)

.bss%z9         0x00000000        0x0
 .bss           0x00000000        0x0 /opt/microchip/xc32/v1.30/bin/../lib/gcc/pic32mx/4.5.2/../../../../pic32mx/lib/libpic32.a(vector62.o)

.data%z10       0x00000000        0x0
 .data          0x00000000        0x0 /opt/microchip/xc32/v1.30/bin/../lib/gcc/pic32mx/4.5.2/../../../../pic32mx/lib/libpic32.a(vector62.o)

.bss%z11        0x00000000        0x0
 .bss           0x00000000        0x0 /opt/microchip/xc32/v1.30/bin/../lib/gcc/pic32mx/4.5.2/../../../../pic32mx/lib/libpic32.a(vector61.o)

.data%z12       0x00000000        0x0
 .data          0x00000000        0x0 /opt/microchip/xc32/v1.30/bin/../lib/gcc/pic32mx/4.5.2/../../../../pic32mx/lib/libpic32.a(vector61.o)

.bss%z13        0x00000000        0x0
 .bss           0x00000000        0x0 /opt/microchip/xc32/v1.30/bin/../lib/gcc/pic32mx/4.5.2/../../../../pic32mx/lib/libpic32.a(vector60.o)

.data%z14       0x00000000        0x0
 .data          0x00000000        0x0 /opt/microchip/xc32/v1.30/bin/../lib/gcc/pic32mx/4.5.2/../../../../pic32mx/lib/libpic32.a(vector60.o)

.bss%z15        0x00000000        0x0
 .bss           0x00000000        0x0 /opt/microchip/xc32/v1.30/bin/../lib/gcc/pic32mx/4.5.2/../../../../pic32mx/lib/libpic32.a(vector59.o)

.data%z16       0x00000000        0x0
 .data          0x00000000        0x0 /opt/microchip/xc32/v1.30/bin/../lib/gcc/pic32mx/4.5.2/../../../../pic32mx/lib/libpic32.a(vector59.o)

.bss%z17        0x00000000        0x0
 .bss           0x00000000        0x0 /opt/microchip/xc32/v1.30/bin/../lib/gcc/pic32mx/4.5.2/../../../../pic32mx/lib/libpic32.a(vector58.o)

.data%z18       0x00000000        0x0
 .data          0x00000000        0x0 /opt/microchip/xc32/v1.30/bin/../lib/gcc/pic32mx/4.5.2/../../../../pic32mx/lib/libpic32.a(vector58.o)

.bss%z19        0x00000000        0x0
 .bss           0x00000000        0x0 /opt/microchip/xc32/v1.30/bin/../lib/gcc/pic32mx/4.5.2/../../../../pic32mx/lib/libpic32.a(vector57.o)

.data%z20       0x00000000        0x0
 .data          0x00000000        0x0 /opt/microchip/xc32/v1.30/bin/../lib/gcc/pic32mx/4.5.2/../../../../pic32mx/lib/libpic32.a(vector57.o)

.bss%z21        0x00000000        0x0
 .bss           0x00000000        0x0 /opt/microchip/xc32/v1.30/bin/../lib/gcc/pic32mx/4.5.2/../../../../pic32mx/lib/libpic32.a(vector56.o)

.data%z22       0x00000000        0x0
 .data          0x00000000        0x0 /opt/microchip/xc32/v1.30/bin/../lib/gcc/pic32mx/4.5.2/../../../../pic32mx/lib/libpic32.a(vector56.o)

.bss%z23        0x00000000        0x0
 .bss           0x00000000        0x0 /opt/microchip/xc32/v1.30/bin/../lib/gcc/pic32mx/4.5.2/../../../../pic32mx/lib/libpic32.a(vector55.o)

.data%z24       0x00000000        0x0
 .data          0x00000000        0x0 /opt/microchip/xc32/v1.30/bin/../lib/gcc/pic32mx/4.5.2/../../../../pic32mx/lib/libpic32.a(vector55.o)

.bss%z25        0x00000000        0x0
 .bss           0x00000000        0x0 /opt/microchip/xc32/v1.30/bin/../lib/gcc/pic32mx/4.5.2/../../../../pic32mx/lib/libpic32.a(vector54.o)

.data%z26       0x00000000        0x0
 .data          0x00000000        0x0 /opt/microchip/xc32/v1.30/bin/../lib/gcc/pic32mx/4.5.2/../../../../pic32mx/lib/libpic32.a(vector54.o)

.bss%z27        0x00000000        0x0
 .bss           0x00000000        0x0 /opt/microchip/xc32/v1.30/bin/../lib/gcc/pic32mx/4.5.2/../../../../pic32mx/lib/libpic32.a(vector53.o)

.data%z28       0x00000000        0x0
 .data          0x00000000        0x0 /opt/microchip/xc32/v1.30/bin/../lib/gcc/pic32mx/4.5.2/../../../../pic32mx/lib/libpic32.a(vector53.o)

.bss%z29        0x00000000        0x0
 .bss           0x00000000        0x0 /opt/microchip/xc32/v1.30/bin/../lib/gcc/pic32mx/4.5.2/../../../../pic32mx/lib/libpic32.a(vector52.o)

.data%z30       0x00000000        0x0
 .data          0x00000000        0x0 /opt/microchip/xc32/v1.30/bin/../lib/gcc/pic32mx/4.5.2/../../../../pic32mx/lib/libpic32.a(vector52.o)

.bss%z31        0x00000000        0x0
 .bss           0x00000000        0x0 /opt/microchip/xc32/v1.30/bin/../lib/gcc/pic32mx/4.5.2/../../../../pic32mx/lib/libpic32.a(vector51.o)

.data%z32       0x00000000        0x0
 .data          0x00000000        0x0 /opt/microchip/xc32/v1.30/bin/../lib/gcc/pic32mx/4.5.2/../../../../pic32mx/lib/libpic32.a(vector51.o)

.bss%z33        0x00000000        0x0
 .bss           0x00000000        0x0 /opt/microchip/xc32/v1.30/bin/../lib/gcc/pic32mx/4.5.2/../../../../pic32mx/lib/libpic32.a(vector50.o)

.data%z34       0x00000000        0x0
 .data          0x00000000        0x0 /opt/microchip/xc32/v1.30/bin/../lib/gcc/pic32mx/4.5.2/../../../../pic32mx/lib/libpic32.a(vector50.o)

.bss%z35        0x00000000        0x0
 .bss           0x00000000        0x0 /opt/microchip/xc32/v1.30/bin/../lib/gcc/pic32mx/4.5.2/../../../../pic32mx/lib/libpic32.a(vector49.o)

.data%z36       0x00000000        0x0
 .data          0x00000000        0x0 /opt/microchip/xc32/v1.30/bin/../lib/gcc/pic32mx/4.5.2/../../../../pic32mx/lib/libpic32.a(vector49.o)

.bss%z37        0x00000000        0x0
 .bss           0x00000000        0x0 /opt/microchip/xc32/v1.30/bin/../lib/gcc/pic32mx/4.5.2/../../../../pic32mx/lib/libpic32.a(vector48.o)

.data%z38       0x00000000        0x0
 .data          0x00000000        0x0 /opt/microchip/xc32/v1.30/bin/../lib/gcc/pic32mx/4.5.2/../../../../pic32mx/lib/libpic32.a(vector48.o)

.bss%z39        0x00000000        0x0
 .bss           0x00000000        0x0 /opt/microchip/xc32/v1.30/bin/../lib/gcc/pic32mx/4.5.2/../../../../pic32mx/lib/libpic32.a(vector47.o)

.data%z40       0x00000000        0x0
 .data          0x00000000        0x0 /opt/microchip/xc32/v1.30/bin/../lib/gcc/pic32mx/4.5.2/../../../../pic32mx/lib/libpic32.a(vector47.o)

.bss%z41        0x00000000        0x0
 .bss           0x00000000        0x0 /opt/microchip/xc32/v1.30/bin/../lib/gcc/pic32mx/4.5.2/../../../../pic32mx/lib/libpic32.a(vector46.o)

.data%z42       0x00000000        0x0
 .data          0x00000000        0x0 /opt/microchip/xc32/v1.30/bin/../lib/gcc/pic32mx/4.5.2/../../../../pic32mx/lib/libpic32.a(vector46.o)

.bss%z43        0x00000000        0x0
 .bss           0x00000000        0x0 /opt/microchip/xc32/v1.30/bin/../lib/gcc/pic32mx/4.5.2/../../../../pic32mx/lib/libpic32.a(vector45.o)

.data%z44       0x00000000        0x0
 .data          0x00000000        0x0 /opt/microchip/xc32/v1.30/bin/../lib/gcc/pic32mx/4.5.2/../../../../pic32mx/lib/libpic32.a(vector45.o)

.bss%z45        0x00000000        0x0
 .bss           0x00000000        0x0 /opt/microchip/xc32/v1.30/bin/../lib/gcc/pic32mx/4.5.2/../../../../pic32mx/lib/libpic32.a(vector44.o)

.data%z46       0x00000000        0x0
 .data          0x00000000        0x0 /opt/microchip/xc32/v1.30/bin/../lib/gcc/pic32mx/4.5.2/../../../../pic32mx/lib/libpic32.a(vector44.o)

.bss%z47        0x00000000        0x0
 .bss           0x00000000        0x0 /opt/microchip/xc32/v1.30/bin/../lib/gcc/pic32mx/4.5.2/../../../../pic32mx/lib/libpic32.a(vector43.o)

.data%z48       0x00000000        0x0
 .data          0x00000000        0x0 /opt/microchip/xc32/v1.30/bin/../lib/gcc/pic32mx/4.5.2/../../../../pic32mx/lib/libpic32.a(vector43.o)

.bss%z49        0x00000000        0x0
 .bss           0x00000000        0x0 /opt/microchip/xc32/v1.30/bin/../lib/gcc/pic32mx/4.5.2/../../../../pic32mx/lib/libpic32.a(vector42.o)

.data%z50       0x00000000        0x0
 .data          0x00000000        0x0 /opt/microchip/xc32/v1.30/bin/../lib/gcc/pic32mx/4.5.2/../../../../pic32mx/lib/libpic32.a(vector42.o)

.bss%z51        0x00000000        0x0
 .bss           0x00000000        0x0 /opt/microchip/xc32/v1.30/bin/../lib/gcc/pic32mx/4.5.2/../../../../pic32mx/lib/libpic32.a(vector41.o)

.data%z52       0x00000000        0x0
 .data          0x00000000        0x0 /opt/microchip/xc32/v1.30/bin/../lib/gcc/pic32mx/4.5.2/../../../../pic32mx/lib/libpic32.a(vector41.o)

.bss%z53        0x00000000        0x0
 .bss           0x00000000        0x0 /opt/microchip/xc32/v1.30/bin/../lib/gcc/pic32mx/4.5.2/../../../../pic32mx/lib/libpic32.a(vector40.o)

.data%z54       0x00000000        0x0
 .data          0x00000000        0x0 /opt/microchip/xc32/v1.30/bin/../lib/gcc/pic32mx/4.5.2/../../../../pic32mx/lib/libpic32.a(vector40.o)

.bss%z55        0x00000000        0x0
 .bss           0x00000000        0x0 /opt/microchip/xc32/v1.30/bin/../lib/gcc/pic32mx/4.5.2/../../../../pic32mx/lib/libpic32.a(vector39.o)

.data%z56       0x00000000        0x0
 .data          0x00000000        0x0 /opt/microchip/xc32/v1.30/bin/../lib/gcc/pic32mx/4.5.2/../../../../pic32mx/lib/libpic32.a(vector39.o)

.bss%z57        0x00000000        0x0
 .bss           0x00000000        0x0 /opt/microchip/xc32/v1.30/bin/../lib/gcc/pic32mx/4.5.2/../../../../pic32mx/lib/libpic32.a(vector38.o)

.data%z58       0x00000000        0x0
 .data          0x00000000        0x0 /opt/microchip/xc32/v1.30/bin/../lib/gcc/pic32mx/4.5.2/../../../../pic32mx/lib/libpic32.a(vector38.o)

.bss%z59        0x00000000        0x0
 .bss           0x00000000        0x0 /opt/microchip/xc32/v1.30/bin/../lib/gcc/pic32mx/4.5.2/../../../../pic32mx/lib/libpic32.a(vector37.o)

.data%z60       0x00000000        0x0
 .data          0x00000000        0x0 /opt/microchip/xc32/v1.30/bin/../lib/gcc/pic32mx/4.5.2/../../../../pic32mx/lib/libpic32.a(vector37.o)

.bss%z61        0x00000000        0x0
 .bss           0x00000000        0x0 /opt/microchip/xc32/v1.30/bin/../lib/gcc/pic32mx/4.5.2/../../../../pic32mx/lib/libpic32.a(vector36.o)

.data%z62       0x00000000        0x0
 .data          0x00000000        0x0 /opt/microchip/xc32/v1.30/bin/../lib/gcc/pic32mx/4.5.2/../../../../pic32mx/lib/libpic32.a(vector36.o)

.bss%z63        0x00000000        0x0
 .bss           0x00000000        0x0 /opt/microchip/xc32/v1.30/bin/../lib/gcc/pic32mx/4.5.2/../../../../pic32mx/lib/libpic32.a(vector35.o)

.data%z64       0x00000000        0x0
 .data          0x00000000        0x0 /opt/microchip/xc32/v1.30/bin/../lib/gcc/pic32mx/4.5.2/../../../../pic32mx/lib/libpic32.a(vector35.o)

.bss%z65        0x00000000        0x0
 .bss           0x00000000        0x0 /opt/microchip/xc32/v1.30/bin/../lib/gcc/pic32mx/4.5.2/../../../../pic32mx/lib/libpic32.a(vector34.o)

.data%z66       0x00000000        0x0
 .data          0x00000000        0x0 /opt/microchip/xc32/v1.30/bin/../lib/gcc/pic32mx/4.5.2/../../../../pic32mx/lib/libpic32.a(vector34.o)

.bss%z67        0x00000000        0x0
 .bss           0x00000000        0x0 /opt/microchip/xc32/v1.30/bin/../lib/gcc/pic32mx/4.5.2/../../../../pic32mx/lib/libpic32.a(vector33.o)

.data%z68       0x00000000        0x0
 .data          0x00000000        0x0 /opt/microchip/xc32/v1.30/bin/../lib/gcc/pic32mx/4.5.2/../../../../pic32mx/lib/libpic32.a(vector33.o)

.bss%z69        0x00000000        0x0
 .bss           0x00000000        0x0 /opt/microchip/xc32/v1.30/bin/../lib/gcc/pic32mx/4.5.2/../../../../pic32mx/lib/libpic32.a(vector32.o)

.data%z70       0x00000000        0x0
 .data          0x00000000        0x0 /opt/microchip/xc32/v1.30/bin/../lib/gcc/pic32mx/4.5.2/../../../../pic32mx/lib/libpic32.a(vector32.o)

.bss%z71        0x00000000        0x0
 .bss           0x00000000        0x0 /opt/microchip/xc32/v1.30/bin/../lib/gcc/pic32mx/4.5.2/../../../../pic32mx/lib/libpic32.a(vector31.o)

.data%z72       0x00000000        0x0
 .data          0x00000000        0x0 /opt/microchip/xc32/v1.30/bin/../lib/gcc/pic32mx/4.5.2/../../../../pic32mx/lib/libpic32.a(vector31.o)

.bss%z73        0x00000000        0x0
 .bss           0x00000000        0x0 /opt/microchip/xc32/v1.30/bin/../lib/gcc/pic32mx/4.5.2/../../../../pic32mx/lib/libpic32.a(vector30.o)

.data%z74       0x00000000        0x0
 .data          0x00000000        0x0 /opt/microchip/xc32/v1.30/bin/../lib/gcc/pic32mx/4.5.2/../../../../pic32mx/lib/libpic32.a(vector30.o)

.bss%z75        0x00000000        0x0
 .bss           0x00000000        0x0 /opt/microchip/xc32/v1.30/bin/../lib/gcc/pic32mx/4.5.2/../../../../pic32mx/lib/libpic32.a(vector29.o)

.data%z76       0x00000000        0x0
 .data          0x00000000        0x0 /opt/microchip/xc32/v1.30/bin/../lib/gcc/pic32mx/4.5.2/../../../../pic32mx/lib/libpic32.a(vector29.o)

.bss%z77        0x00000000        0x0
 .bss           0x00000000        0x0 /opt/microchip/xc32/v1.30/bin/../lib/gcc/pic32mx/4.5.2/../../../../pic32mx/lib/libpic32.a(vector28.o)

.data%z78       0x00000000        0x0
 .data          0x00000000        0x0 /opt/microchip/xc32/v1.30/bin/../lib/gcc/pic32mx/4.5.2/../../../../pic32mx/lib/libpic32.a(vector28.o)

.bss%z79        0x00000000        0x0
 .bss           0x00000000        0x0 /opt/microchip/xc32/v1.30/bin/../lib/gcc/pic32mx/4.5.2/../../../../pic32mx/lib/libpic32.a(vector27.o)

.data%z80       0x00000000        0x0
 .data          0x00000000        0x0 /opt/microchip/xc32/v1.30/bin/../lib/gcc/pic32mx/4.5.2/../../../../pic32mx/lib/libpic32.a(vector27.o)

.bss%z81        0x00000000        0x0
 .bss           0x00000000        0x0 /opt/microchip/xc32/v1.30/bin/../lib/gcc/pic32mx/4.5.2/../../../../pic32mx/lib/libpic32.a(vector26.o)

.data%z82       0x00000000        0x0
 .data          0x00000000        0x0 /opt/microchip/xc32/v1.30/bin/../lib/gcc/pic32mx/4.5.2/../../../../pic32mx/lib/libpic32.a(vector26.o)

.bss%z83        0x00000000        0x0
 .bss           0x00000000        0x0 /opt/microchip/xc32/v1.30/bin/../lib/gcc/pic32mx/4.5.2/../../../../pic32mx/lib/libpic32.a(vector25.o)

.data%z84       0x00000000        0x0
 .data          0x00000000        0x0 /opt/microchip/xc32/v1.30/bin/../lib/gcc/pic32mx/4.5.2/../../../../pic32mx/lib/libpic32.a(vector25.o)

.bss%z85        0x00000000        0x0
 .bss           0x00000000        0x0 /opt/microchip/xc32/v1.30/bin/../lib/gcc/pic32mx/4.5.2/../../../../pic32mx/lib/libpic32.a(vector24.o)

.data%z86       0x00000000        0x0
 .data          0x00000000        0x0 /opt/microchip/xc32/v1.30/bin/../lib/gcc/pic32mx/4.5.2/../../../../pic32mx/lib/libpic32.a(vector24.o)

.bss%z87        0x00000000        0x0
 .bss           0x00000000        0x0 /opt/microchip/xc32/v1.30/bin/../lib/gcc/pic32mx/4.5.2/../../../../pic32mx/lib/libpic32.a(vector23.o)

.data%z88       0x00000000        0x0
 .data          0x00000000        0x0 /opt/microchip/xc32/v1.30/bin/../lib/gcc/pic32mx/4.5.2/../../../../pic32mx/lib/libpic32.a(vector23.o)

.bss%z89        0x00000000        0x0
 .bss           0x00000000        0x0 /opt/microchip/xc32/v1.30/bin/../lib/gcc/pic32mx/4.5.2/../../../../pic32mx/lib/libpic32.a(vector22.o)

.data%z90       0x00000000        0x0
 .data          0x00000000        0x0 /opt/microchip/xc32/v1.30/bin/../lib/gcc/pic32mx/4.5.2/../../../../pic32mx/lib/libpic32.a(vector22.o)

.bss%z91        0x00000000        0x0
 .bss           0x00000000        0x0 /opt/microchip/xc32/v1.30/bin/../lib/gcc/pic32mx/4.5.2/../../../../pic32mx/lib/libpic32.a(vector21.o)

.data%z92       0x00000000        0x0
 .data          0x00000000        0x0 /opt/microchip/xc32/v1.30/bin/../lib/gcc/pic32mx/4.5.2/../../../../pic32mx/lib/libpic32.a(vector21.o)

.bss%z93        0x00000000        0x0
 .bss           0x00000000        0x0 /opt/microchip/xc32/v1.30/bin/../lib/gcc/pic32mx/4.5.2/../../../../pic32mx/lib/libpic32.a(vector20.o)

.data%z94       0x00000000        0x0
 .data          0x00000000        0x0 /opt/microchip/xc32/v1.30/bin/../lib/gcc/pic32mx/4.5.2/../../../../pic32mx/lib/libpic32.a(vector20.o)

.bss%z95        0x00000000        0x0
 .bss           0x00000000        0x0 /opt/microchip/xc32/v1.30/bin/../lib/gcc/pic32mx/4.5.2/../../../../pic32mx/lib/libpic32.a(vector19.o)

.data%z96       0x00000000        0x0
 .data          0x00000000        0x0 /opt/microchip/xc32/v1.30/bin/../lib/gcc/pic32mx/4.5.2/../../../../pic32mx/lib/libpic32.a(vector19.o)

.bss%z97        0x00000000        0x0
 .bss           0x00000000        0x0 /opt/microchip/xc32/v1.30/bin/../lib/gcc/pic32mx/4.5.2/../../../../pic32mx/lib/libpic32.a(vector18.o)

.data%z98       0x00000000        0x0
 .data          0x00000000        0x0 /opt/microchip/xc32/v1.30/bin/../lib/gcc/pic32mx/4.5.2/../../../../pic32mx/lib/libpic32.a(vector18.o)

.bss%z99        0x00000000        0x0
 .bss           0x00000000        0x0 /opt/microchip/xc32/v1.30/bin/../lib/gcc/pic32mx/4.5.2/../../../../pic32mx/lib/libpic32.a(vector17.o)

.data%z100      0x00000000        0x0
 .data          0x00000000        0x0 /opt/microchip/xc32/v1.30/bin/../lib/gcc/pic32mx/4.5.2/../../../../pic32mx/lib/libpic32.a(vector17.o)

.bss%z101       0x00000000        0x0
 .bss           0x00000000        0x0 /opt/microchip/xc32/v1.30/bin/../lib/gcc/pic32mx/4.5.2/../../../../pic32mx/lib/libpic32.a(vector16.o)

.data%z102      0x00000000        0x0
 .data          0x00000000        0x0 /opt/microchip/xc32/v1.30/bin/../lib/gcc/pic32mx/4.5.2/../../../../pic32mx/lib/libpic32.a(vector16.o)

.bss%z103       0x00000000        0x0
 .bss           0x00000000        0x0 /opt/microchip/xc32/v1.30/bin/../lib/gcc/pic32mx/4.5.2/../../../../pic32mx/lib/libpic32.a(vector15.o)

.data%z104      0x00000000        0x0