eeschema (2013-07-07 BZR 4022)-stable  >> Creation date: 24/09/2013 22:50:13
#Cmp ( ordre = Référence )
| C2001      C                               ;             
| C2002      C                               ;             
| C2003      100n                            ;             
| C2004      100n                            ;             
| C2005      100n                            ;             
| C3001      22p         ~                   ; ~           
| C3002      22p         ~                   ; ~           
| C4001      100n        ~                   ; ~           
| C4002      100n        ~                   ; ~           
| C4003      100n        ~                   ; ~           
| C4004      100n        ~                   ; ~           
| C4005      100n        ~                   ; ~           
| C4006      100n        ~                   ; ~           
| C4007      100n        ~                   ; ~           
| C4008      100n        ~                   ; ~           
| C4009      100n        ~                   ; ~           
| C4010      100n        ~                   ; ~           
| D1001      LED                             ;             
| D1002      LED                             ;             
| D1003      LED                             ;             
| D1004      LED                             ;             
| D2001      DIODE                           ;             
| D2002      DIODE                           ;             
| D2003      DIODE                           ;             
| D2004      DIODE                           ;             
| D2005      DIODE                           ;             
| D2006      DIODE                           ;             
| D2007      DIODE                           ;             
| D2008      DIODE                           ;             
| D4001      LED                             ;             
| J1001      RJ12                            ;             
| J1002      SIL1                            ;             
| J1003      SIL1                            ;             
| J1004      SIL1                            ;             
| J1005      SIL1                            ;             
| J1006      SIL1                            ;             
| J1007      SIL1                            ;             
| K1001      CONN_3                          ;             
| K1002      CONN_3                          ;             
| K1003      CONN_3                          ;             
| K1004      CONN_3                          ;             
| K1005      CONN_3                          ;             
| K1006      CONN_3                          ;             
| K1007      CONN_3                          ;             
| K1008      CONN_3                          ;             
| K1009      CONN_3                          ;             
| K1010      CONN_3                          ;             
| K1011      CONN_3                          ;             
| K1012      CONN_3                          ;             
| K1013      CONN_3                          ;             
| K1014      CONN_3                          ;             
| K1015      CONN_3                          ;             
| K1016      CONN_3                          ;             
| K1017      CONN_3                          ;             
| K1018      CONN_3                          ;             
| K1019      CONN_3                          ;             
| P1001      CONN_5                          ;             
| P1002      CONN_4                          ;             
| P1003      CONN_4                          ;             
| P1004      CONN_4                          ;             
| P1005      CAVALIER2   ~                   ; ~           
| P1006      CONN_10X2                       ;             
| P1007      CONN_5X2                        ;             
| P1008      CONN_5X2                        ;             
| P1009      CONN_5X2                        ;             
| Q4001      BSS123      ~                   ; ~           
| Q4002      BSS123      ~                   ; ~           
| R1001      3.3k        ~                   ; ~           
| R1002      1k          ~                   ; ~           
| R1003      1k                              ;             
| R1004      330                             ;             
| R1005      0           ~                   ; ~           
| R2001      10k                             ;             
| R2002      1k                              ;             
| R2003      1k                              ;             
| R2004      1k                              ;             
| R2005      1k                              ;             
| R2006      1k                              ;             
| R2007      1k                              ;             
| R2008      1k                              ;             
| R2009      1k                              ;             
| R2010      10k                             ;             
| R2011      10k                             ;             
| R2012      10k                             ;             
| R2013      10k                             ;             
| R2014      10k                             ;             
| R2015      10k                             ;             
| R2016      10k                             ;             
| R2017      10k                             ;             
| R4001      1K                              ;             
| R4002      10k         ~                   ; ~           
| R4003      10k         ~                   ; ~           
| R4004      2.1k                            ;             
| R4005      2.1k                            ;             
| R4006      200k                            ;             
| R4007      2.1k                            ;             
| R4008      2.1k                            ;             
| RVAR4001   4.7K                            ;             
| SW1001     SW_PUSH_SMALL                    ;             
| U2001      74C922                          ;             
| U2002      PCF8574T                        ;             
| U2003      74LS20                          ;             
| U3001      PIC32MX795F512H                    ;             
| U4001      74LVCC3245                      ;             
| U4002      74LVCC3245                      ;             
| U4003      74LVCC3245                      ;             
| U4004      74LVCC3245                      ;             
| U4005      PCA9306                         ;             
| X3001      32.768khz   ~                   ; ~           
#End Cmp

#End List
